ets Jul 29 2019 12:21:46

rst:0x1 (POWERON_RESET),boot:0x1e (SPI_FAST_FLASH_BOOT)
configsip: 0, SPIWP:0xee
clk_drv:0x00,q_drv:0x00,d_drv:0x00,cs0_drv:0x00,hd_drv:0x00,wp_drv:0x00
mode:DIO, clock div:2
load:0x3fff0030,len:7076
load:0x40078000,len:15584
ho 0 tail 12 room 4
load:0x40080400,len:4
load:0x40080404,len:3876
entry 0x4008064c
[0;32mI (31) boot: ESP-IDF 5.1.1 2nd stage bootloader[0m
[0;32mI (31) boot: compile time Nov 25 2023 11:30:45[0m
[0;32mI (31) boot: Multicore bootloader[0m
[0;32mI (35) boot: chip revision: v3.1[0m
[0;32mI (39) boot.esp32: SPI Speed      : 40MHz[0m
[0;32mI (44) boot.esp32: SPI Mode       : DIO[0m
[0;32mI (48) boot.esp32: SPI Flash Size : 4MB[0m
[0;32mI (53) boot: Enabling RNG early entropy source...[0m
[0;32mI (58) boot: Partition Table:[0m
[0;32mI (62) boot: ## Label            Usage          Type ST Offset   Length[0m
[0;32mI (69) boot:  0 nvs              WiFi data        01 02 00009000 00006000[0m
[0;32mI (77) boot:  1 phy_init         RF data          01 01 0000f000 00001000[0m
[0;32mI (84) boot:  2 factory          factory app      00 00 00010000 00100000[0m
[0;32mI (92) boot: End of partition table[0m
[0;32mI (96) esp_image: segment 0: paddr=00010020 vaddr=3f400020 size=266dch (157404) map[0m
[0;32mI (161) esp_image: segment 1: paddr=00036704 vaddr=3ffb0000 size=0373ch ( 14140) load[0m
[0;32mI (167) esp_image: segment 2: paddr=00039e48 vaddr=40080000 size=061d0h ( 25040) load[0m
[0;32mI (178) esp_image: segment 3: paddr=00040020 vaddr=400d0020 size=8dc94h (580756) map[0m
[0;32mI (387) esp_image: segment 4: paddr=000cdcbc vaddr=400861d0 size=0f758h ( 63320) load[0m
[0;32mI (425) boot: Loaded app from partition at offset 0x10000[0m
[0;32mI (425) boot: Disabling RNG early entropy source...[0m
[0;32mI (436) cpu_start: Multicore app[0m
[0;32mI (437) cpu_start: Pro cpu up.[0m
[0;32mI (437) cpu_start: Starting app cpu, entry point is 0x4008131c[0m
[0;32mI (0) cpu_start: App cpu up.[0m
[0;32mI (455) cpu_start: Pro cpu start user code[0m
[0;32mI (455) cpu_start: cpu freq: 160000000 Hz[0m
[0;32mI (455) cpu_start: Application information:[0m
[0;32mI (459) cpu_start: Project name:     esp_startup[0m
[0;32mI (465) cpu_start: App version:      78128e7-dirty[0m
[0;32mI (470) cpu_start: Compile time:     Nov 25 2023 13:37:24[0m
[0;32mI (476) cpu_start: ELF file SHA256:  6ed5d1a633fbbd38...[0m
[0;32mI (482) cpu_start: ESP-IDF:          5.1.1[0m
[0;32mI (487) cpu_start: Min chip rev:     v0.0[0m
[0;32mI (492) cpu_start: Max chip rev:     v3.99 [0m
[0;32mI (497) cpu_start: Chip rev:         v3.1[0m
[0;32mI (502) heap_init: Initializing. RAM available for dynamic allocation:[0m
[0;32mI (509) heap_init: At 3FFAE6E0 len 00001920 (6 KiB): DRAM[0m
[0;32mI (515) heap_init: At 3FFB8038 len 00027FC8 (159 KiB): DRAM[0m
[0;32mI (521) heap_init: At 3FFE0440 len 00003AE0 (14 KiB): D/IRAM[0m
[0;32mI (527) heap_init: At 3FFE4350 len 0001BCB0 (111 KiB): D/IRAM[0m
[0;32mI (534) heap_init: At 40095928 len 0000A6D8 (41 KiB): IRAM[0m
[0;32mI (541) spi_flash: detected chip: generic[0m
[0;32mI (544) spi_flash: flash io: dio[0m
[0;32mI (549) app_start: Starting scheduler on CPU0[0m
[0;32mI (554) app_start: Starting scheduler on CPU1[0m
[0;32mI (554) main_task: Started on CPU0[0m
[0;32mI (564) main_task: Calling app_main()[0m
[0m1970-01-01 00:00:00 | DEBUG | wifi_c_init_netif:111 | netif initialized as STA[0m
I (614) wifi:wifi driver task: 3ffc0288, prio:23, stack:6656, core=0
I (634) wifi:wifi firmware version: ce9244d
I (634) wifi:wifi certification version: v7.0
I (634) wifi:config NVS flash: enabled
I (634) wifi:config nano formating: disabled
I (644) wifi:Init data frame dynamic rx buffer num: 32
I (644) wifi:Init management frame dynamic rx buffer num: 32
I (654) wifi:Init management short buffer num: 32
I (654) wifi:Init dynamic tx buffer num: 32
I (664) wifi:Init static rx buffer size: 2212
I (664) wifi:Init static rx buffer num: 10
I (664) wifi:Init dynamic rx buffer num: 32
[0;32mI (674) wifi_init: rx ba win: 6[0m
[0;32mI (674) wifi_init: tcpip mbox: 32[0m
[0;32mI (674) wifi_init: udp mbox: 6[0m
[0;32mI (684) wifi_init: tcp mbox: 6[0m
[0;32mI (684) wifi_init: tcp tx win: 5744[0m
[0;32mI (694) wifi_init: tcp rx win: 5744[0m
[0;32mI (694) wifi_init: tcp mss: 1440[0m
[0;32mI (694) wifi_init: WiFi IRAM OP enabled[0m
[0;32mI (704) wifi_init: WiFi RX IRAM OP enabled[0m
[0;32m1970-01-01 00:00:00 | INFO  | wifi_c_init_wifi:198 | Wifi initialized.[0m
[0;32mI (714) phy_init: phy_version 4670,719f9f6,Feb 18 2021,17:07:07[0m
I (814) wifi:mode : sta (08:3a:8d:0a:f6:18)
I (824) wifi:enable tsf
[0;32m1970-01-01 00:00:00 | INFO  | wifi_c_sta_event_handler:75 | Station started, connecting to WiFi.[0m
[0m1970-01-01 00:00:00 | DEBUG | wifi_c_init_wifi:202 | wifi successfully initialized[0m
[0m1970-01-01 00:00:00 | DEBUG | wifi_c_start_sta:320 | WiFi successfully configured as STA.[0m
[0m1970-01-01 00:00:02 | DEBUG | tcp_create_socket:169 | preparing socket...[0m
[0m1970-01-01 00:00:02 | DEBUG | tcp_create_socket:176 | created socket: 54[0m
[0m1970-01-01 00:00:02 | DEBUG | tcp_prepare_address:212 | preparing address...[0m
[0m1970-01-01 00:00:02 | DEBUG | tcp_prepare_address:220 | prepared address 192.168.100.115:27015[0m
[0m1970-01-01 00:00:02 | DEBUG | tcp_bind_socket:227 | binding socket: 54 to address: 192.168.100.115:34665[0m
[0m1970-01-01 00:00:02 | DEBUG | tcp_bind_socket:237 | socket: 54 bound to address: 192.168.100.115:27015[0m
[0m1970-01-01 00:00:02 | DEBUG | tcp_socket_listen:248 | trying to listen on socket: 54[0m
[0;32m1970-01-01 00:00:02 | INFO  | tcp_socket_listen:255 | listening on socket: 192.168.100.115:27015[0m
I (3264) wifi:new:<8,0>, old:<1,0>, ap:<255,255>, sta:<8,0>, prof:1
I (4434) wifi:state: init -> auth (b0)
I (4434) wifi:state: auth -> assoc (0)
I (4444) wifi:state: assoc -> run (10)
W (4454) wifi:[ADDBA]rx delba, code:39, delete tid:0
W (4454) wifi:[ADDBA]rx delba, code:39, delete tid:0
I (4544) wifi:connected with OstNet-952235, aid = 6, channel 8, BW20, bssid = c4:b8:b4:e8:a3:5f
I (4544) wifi:security: WPA2-PSK, phy: bgn, rssi: -36
I (4554) wifi:pm start, type: 1

I (4554) wifi:AP's beacon interval = 102400 us, DTIM period = 1
I (6644) wifi:<ba-add>idx:0 (ifx:0, c4:b8:b4:e8:a3:5f), tid:0, ssn:2, winSize:64
[0;32m1970-01-01 00:00:07 | INFO  | wifi_c_sta_event_handler:89 | Got IP:192.168.100.115[0m
[0;32mI (7564) esp_netif_handlers: sta ip: 192.168.100.115, mask: 255.255.255.0, gw: 192.168.100.1[0m
I (20494) wifi:<ba-add>idx:1 (ifx:0, c4:b8:b4:e8:a3:5f), tid:6, ssn:0, winSize:64
[0;32m1970-01-01 00:01:18 | INFO  | tcp_accept_client:276 | connected to socket: 192.168.100.3:27015[0m
