I (3524) wifi:new:<11,2>, old:<1,0>, ap:<255,255>, sta:<11,2>, prof:1
I (3534) wifi:state: init -> auth (b0)
I (3534) wifi:state: auth -> assoc (0)
I (3544) wifi:state: assoc -> run (10)
I (3554) wifi:connected with TP-LINK_AD8313, aid = 4, channel 11, 40D, bssid = 84:16:f9:ad:83:12
I (3554) wifi:security: WPA2-PSK, phy: bgn, rssi: -65
I (3564) wifi:pm start, type: 1

I (3574) wifi:<ba-add>idx:0 (ifx:0, 84:16:f9:ad:83:12), tid:0, ssn:0, winSize:64
I (3614) wifi:AP's beacon interval = 102400 us, DTIM period = 1
[0;32m1970-01-01 00:00:04 | INFO  | wifi_c_sta_event_handler:116 | Got IP:192.168.0.100[0m
[0;32mI (4564) esp_netif_handlers: sta ip: 192.168.0.100, mask: 255.255.255.0, gw: 192.168.0.1[0m
[0m1970-01-01 00:00:04 | DEBUG | wifi_c_check_sta_connection_result:128 | WIFI_C_CONNECTED_BIT is set![0m
[0;32m1970-01-01 00:00:04 | INFO  | event_handler:26 | OTA started[0m
[0;31mE (4584) esp_https_ota: No option for server verification is enabled in esp_http_client config.[0m
[0;31m1970-01-01 00:00:04 | ERROR | lib/ota_controller/src/ota_controller.c:71 | ota_c_do_simple_ota:71 | error -1 during https ota: ESP_FAIL[0m
[0;32m1970-01-01 00:00:04 | INFO  | event_handler:26 | OTA started[0m
[0;31mE (4614) esp_https_ota: No option for server verification is enabled in esp_http_client config.[0m
[0;31m1970-01-01 00:00:04 | ERROR | lib/ota_controller/src/ota_controller.c:157 | ota_c_start:157 | error 258, ESP HTTPS OTA Begin failed: ESP_ERR_INVALID_ARG[0m
[0m1970-01-01 00:00:04 | DEBUG | inspect_task:92 | Currently available heap: 215160[0m
[0;31m1970-01-01 00:00:04 | ERROR | lib/bmp280/src/bmp280.c:422 | bmp_init:422 | [0m1970-01-01 00:00:04 | DEBUG | inspect_task:93 | [0;32m1970-01-01 00:00:04 | INFO  | switch_led_task:79 | The minimum heap size that was ever available: 215160CHANGED GPIO_2 LEVEL[0m
[0m
[0m1970-01-01 00:00:04 | DEBUG | tcp_create_socket:168 | preparing socket...[0m
I2C bus handle cannot be NULL[0m
[0m1970-01-01 00:00:04 | DEBUG | tcp_create_socket:175 | created socket: 54[0m
[0;31m1970-01-01 00:00:04 | ERROR | src/main.c     :48 | read_temperature_task:48 | BMP280 device not found[0m
[0m1970-01-01 00:00:04 | DEBUG | tcp_prepare_address:211 | preparing address...[0m
[0;31m1970-01-01 00:00:04 | ERROR | lib/bmp280/src/bmp280.c:403 | bmp_configure:403 | BMP device handle cannot be NULL[0m
[0m1970-01-01 00:00:04 | DEBUG | tcp_prepare_address:220 | prepared address 192.168.0.100:27015[0m
[0;31m1970-01-01 00:00:04 | ERROR | src/main.c     :54 | read_temperature_task:54 | cannot configure BMP280 device[0m
[0m197Guru Meditation Error: Core  1 panic'ed (LoadProhibited). Exception was unhandled.

Core  1 register dump:
PC      : 0x401760db  PS      : 0x00060830  A0      : 0x800d2f11  A1      : 0x3ffc8a80  
A2      : 0x00000000  A3      : 0x3f4001c8  A4      : 0x3f4001c0  A5      : 0x3ffb3950  
A6      : 0x3f4001b8  A7      : 0x3f400480  A8      : 0x800d3396  A9      : 0x3ffc8a20  
A10     : 0x00000040  A11     : 0x3f4001c8  A12     : 0x3ffc8a80  A13     : 0x3ffc8a60  
A14     : 0x00000008  A15     : 0x3f401ce4  SAR     : 0x00000004  EXCCAUSE: 0x0000001c  
EXCVADDR: 0x00000000  LBEG    : 0x400014fd  LEND    : 0x4000150d  LCOUNT  : 0xfffffffa  


Backtrace: 0x401760d8:0x3ffc8a80 0x400d2f0e:0x3ffc8aa0 0x4008b991:0x3ffc8c00

  #0  0x401760d8:0x3ffc8a80 in bmp_get_i2c_addr at lib/bmp280/src/bmp280.c:49
  #1  0x400d2f0e:0x3ffc8aa0 in read_temperature_task at src/main.c:57
  #2  0x4008b991:0x3ffc8c00 in vPortTaskWrapper at /home/wmytych/.platformio/packages/framework-espidf/components/freertos/FreeRTOS-Kernel/portable/xtensa/port.c:162




ELF file SHA256: 545fb8d7c0c6d63b

Rebooting...
ets Jul 29 2019 12:21:46

rst:0xc (SW_CPU_RESET),boot:0x13 (SPI_FAST_FLASH_BOOT)
configsip: 0, SPIWP:0xee
clk_drv:0x00,q_drv:0x00,d_drv:0x00,cs0_drv:0x00,hd_drv:0x00,wp_drv:0x00
mode:DIO, clock div:2
load:0x3fff0030,len:7076
load:0x40078000,len:15584
ho 0 tail 12 room 4
load:0x40080400,len:4
load:0x40080404,len:3876
entry 0x4008064c
[0;32mI (31) boot: ESP-IDF 5.1.1 2nd stage bootloader[0m
[0;32mI (31) boot: compile time Feb  3 2024 18:48:11[0m
[0;32mI (31) boot: Multicore bootloader[0m
[0;32mI (35) boot: chip revision: v3.0[0m
[0;32mI (39) boot.esp32: SPI Speed      : 40MHz[0m
[0;32mI (44) boot.esp32: SPI Mode       : DIO[0m
[0;32mI (48) boot.esp32: SPI Flash Size : 4MB[0m
[0;32mI (53) boot: Enabling RNG early entropy source...[0m
[0;32mI (58) boot: Partition Table:[0m
[0;32mI (62) boot: ## Label            Usage          Type ST Offset   Length[0m
[0;32mI (69) boot:  0 nvs              WiFi data        01 02 00009000 00004000[0m
[0;32mI (76) boot:  1 otadata          OTA data         01 00 0000d000 00002000[0m
[0;32mI (84) boot:  2 phy_init         RF data          01 01 0000f000 00001000[0m
[0;32mI (91) boot:  3 factory          factory app 
 I (3524) wifi:new:<11,2>, old:<1,0>, ap:<255,255>, sta:<11,2>, prof:1
I (3534) wifi:state: init -> auth (b0)
I (3534) wifi:state: auth -> assoc (0)
I (3544) wifi:state: assoc -> run (10)
I (3564) wifi:connected with TP-LINK_AD8313, aid = 4, channel 11, 40D, bssid = 84:16:f9:ad:83:12
I (3564) wifi:security: WPA2-PSK, phy: bgn, rssi: -65
I (3574) wifi:pm start, type: 1

I (3594) wifi:<ba-add>idx:0 (ifx:0, 84:16:f9:ad:83:12), tid:0, ssn:0, winSize:64
I (3604) wifi:AP's beacon interval = 102400 us, DTIM period = 1
[0;32m1970-01-01 00:00:08 | INFO  | wifi_c_sta_event_handler:116 | Got IP:192.168.0.100[0m
[0;32mI (4574) esp_netif_handlers: sta ip: 192.168.0.100, mask: 255.255.255.0, gw: 192.168.0.1[0m
[0m1970-01-01 00:00:08 | DEBUG | wifi_c_check_sta_connection_result:128 | WIFI_C_CONNECTED_BIT is set![0m
[0;32m1970-01-01 00:00:08 | INFO  | event_handler:26 | OTA started[0m
[0;31mE (4594) esp_https_ota: No option for server verification is enabled in esp_http_client config.[0m
[0;31m1970-01-01 00:00:08 | ERROR | lib/ota_controller/src/ota_controller.c:71 | ota_c_do_simple_ota:71 | error -1 during https ota: ESP_FAIL[0m
[0;32m1970-01-01 00:00:08 | INFO  | event_handler:26 | OTA started[0m
[0;31mE (4624) esp_https_ota: No option for server verification is enabled in esp_http_client config.[0m
[0;31m1970-01-01 00:00:08 | ERROR | lib/ota_controller/src/ota_controller.c:157 | ota_c_start:157 | error 258, ESP HTTPS OTA Begin failed: ESP_ERR_INVALID_ARG[0m
[0m1970-01-01 00:00:08 | DEBUG | inspect_task:92 | Currently available heap: 215160[0m
[0;31m1970-01-01 00:00:08 | ERROR | lib/bmp280/src/bmp280.c:422 | bmp_init:422 | [0m1970-01-01 00:00:08 | DEBUG | inspect_task:93 | [0;32m1970-01-01 00:00:08 | INFO  | switch_led_task:79 | The minimum heap size that was ever available: 215160CHANGED GPIO_2 LEVEL[0m
[0m
[0m1970-01-01 00:00:08 | DEBUG | tcp_create_socket:168 | preparing socket...[0m
I2C bus handle cannot be NULL[0m
[0m1970-01-01 00:00:08 | DEBUG | tcp_create_socket:175 | created socket: 54[0m
[0;31m1970-01-01 00:00:08 | ERROR | src/main.c     :48 | read_temperature_task:48 | BMP280 device not found[0m
[0m1970-01-01 00:00:08 | DEBUG | tcp_prepare_address:211 | preparing address...[0m
[0;31m1970-01-01 00:00:08 | ERROR | lib/bmp280/src/bmp280.c:403 | bmp_configure:403 | BMP device handle cannot be NULL[0m
[0m1970-01-01 00:00:08 | DEBUG | tcp_prepare_address:220 | [0;31m1970-01-01 00:00:08 | ERROR | src/main.c     :54 | read_temperature_task:54 | cannot configure BMP280 device[0m
Guru Meditation Error: Core  1 panic'ed (LoadProhibited). Exception was unhandled.

Core  1 register dump:
PC      : 0x401760db  PS      : 0x00060830  A0      : 0x800d2f11  A1      : 0x3ffc8a80  
A2      : 0x00000000  A3      : 0x3f4001c8  A4      : 0x3f4001c0  A5      : 0x3ffb3950  
A6      : 0x3f4001b8  A7      : 0x3f400480  A8      : 0x800d3396  A9      : 0x3ffc8a20  
A10     : 0x00000040  A11     : 0x3f4001c8  A12     : 0x3ffc8a80  A13     : 0x3ffc8a60  
A14     : 0x00000008  A15     : 0x3f401ce4  SAR     : 0x00000004  EXCCAUSE: 0x0000001c  
EXCVADDR: 0x00000000  LBEG    : 0x400014fd  LEND    : 0x4000150d  LCOUNT  : 0xfffffffa  


Backtrace: 0x401760d8:0x3ffc8a80 0x400d2f0e:0x3ffc8aa0 0x4008b991:0x3ffc8c00

  #0  0x401760d8:0x3ffc8a80 in bmp_get_i2c_addr at lib/bmp280/src/bmp280.c:49
  #1  0x400d2f0e:0x3ffc8aa0 in read_temperature_task at src/main.c:57
  #2  0x4008b991:0x3ffc8c00 in vPortTaskWrapper at /home/wmytych/.platformio/packages/framework-espidf/components/freertos/FreeRTOS-Kernel/portable/xtensa/port.c:162




ELF file SHA256: 545fb8d7c0c6d63b

Rebooting...
ets Jul 29 2019 12:21:46

rst:0xc (SW_CPU_RESET),boot:0x13 (SPI_FAST_FLASH_BOOT)
configsip: 0, SPIWP:0xee
clk_drv:0x00,q_drv:0x00,d_drv:0x00,cs0_drv:0x00,hd_drv:0x00,wp_drv:0x00
mode:DIO, clock div:2
load:0x3fff0030,len:7076
load:0x40078000,len:15584
ho 0 tail 12 room 4
load:0x40080400,len:4
load:0x40080404,len:3876
entry 0x4008064c
[0;32mI (31) boot: ESP-IDF 5.1.1 2nd stage bootloader[0m
[0;32mI (31) boot: compile time Feb  3 2024 18:48:11[0m
[0;32mI (31) boot: Multicore bootloader[0m
[0;32mI (35) boot: chip revision: v3.0[0m
[0;32mI (39) boot.esp32: SPI Speed      : 40MHz[0m
[0;32mI (44) boot.esp32: SPI Mode       : DIO[0m
[0;32mI (48) boot.esp32: SPI Flash Size : 4MB[0m
[0;32mI (53) boot: Enabling RNG early entropy source...[0m
[0;32mI (58) boot: Partition Table:[0m
[0;32mI (62) boot: ## Label            Usage          Type ST Offset   Length[0m
[0;32mI (69) boot:  0 nvs              WiFi data        01 02 00009000 00004000[0m
[0;32mI (76) boot:  1 otadata          OTA data         01 00 0000d000 00002000[0m
[0;32mI (84) boot:  2 phy_init         RF data          01 01 0000f000 00001000[0m
[0;32mI (91) boot:  3 factory          factory app      00 00 00010000 00100000[0m
[0;32mI (99) boot:  4 ota_0            OTA app          00 10 00110000 00100000[0m
[0;32mI (106) boot:  5 ota_1            OTA app          00 11 00210000 00100000[0m
[0;32mI (114) boot: End of partition table[0m
[0;32mI (118) boot: Defaulting to factory image[0m
[0;32mI (123) esp_image: segment 0: paddr=00010020 vaddr=3f400020 size=2d80ch (186380) map[0m
[0;32mI (199) esp_image: segment 1: paddr=0003d834 vaddr=3ffb0000 size=027e4h ( 10212) load[0m
[0;32mI (203) esp_image: segment 2: paddr=00040020 vaddr=400d0020 size=ae0f4h (712948) map[0m
[0;32mI (462) esp_image: segment 3: paddr=000ee11c vaddr=3ffb27e4 size=01168h (  4456) load[0m
[0;32mI (464) esp_image: segment 4: paddr=000ef28c vaddr=40080000 size=15bach ( 89004) load[0m
[0;32mI (516) boot: Loaded app from partition at offset 0x10000[0m
[0;32mI (516) boot: Disabling RNG early entropy source...[0m
[0;32mI (527) cpu_start: Multicore app[0m
[0;32mI (528) cpu_start: Pro cpu up.[0m
[0;32mI (528) cpu_start: Starting app cpu, entry point is 0x40081c08[0m
[0;32mI (515) cpu_start: App cpu up.[0m
[0;32mI (546) cpu_start: Pro cpu start user code[0m
[0;32mI (546) cpu_start: cpu freq: 160000000 Hz[0m
[0;32mI (546) cpu_start: Application information:[0m
[0;32mI (550) cpu_start: Project name:     esp_startup[0m
[0;32mI (556) cpu_start: App version:      0.0.0.2[0m
[0;32mI (561) cpu_start: Compile time:     Feb  3 2024 18:43:48[0m
[0;32mI (567) cpu_start: ELF file SHA256:  545fb8d7c0c6d63b...[0m
[0;32mI (573) cpu_start: ESP-IDF:          5.1.1[0m
[0;32mI (577) cpu_start: Min chip rev:     v0.0[0m
[0;32mI (582) cpu_start: Max chip rev:     v3.99 [0m
[0;32mI (587) cpu_start: Chip rev:         v3.0[0m
[0;32mI (592) heap_init: Initializing. RAM available for dynamic allocation:[0m
[0;32mI (599) heap_init: At 3FFAE6E0 len 00001920 (6 KiB): DRAM[0m
[0;32mI (605) heap_init: At 3FFB8730 len 000278D0 (158 KiB): DRAM[0m
[0;32mI (611) heap_init: At 3FFE0440 len 00003AE0 (14 KiB): D/IRAM[0m
[0;32mI (618) heap_init: At 3FFE4350 len 0001BCB0 (111 KiB): D/IRAM[0m
[0;32mI (624) heap_init: At 40095BAC len 0000A454 (41 KiB): IRAM[0m
[0;32mI (632) spi_flash: detected chip: generic[0m
[0;32mI (635) spi_flash: flash io: dio[0m
[0;32mI (640) app_start: Starting scheduler on CPU0[0m
[0;32mI (644) app_start: Starting scheduler on CPU1[0m
[0;32mI (644) main_task: Started on CPU0[0m
[0;32mI (654) main_task: Calling app_main()[0m
[0;32m1970-01-01 00:00:09 | INFO  | nvs_c_init_nvs:31 | nvs was initialized[0m
[0;32m1970-01-01 00:00:09 | INFO  | nvs_c_init_nvs:31 | nvs was initialized[0m
[0m1970-01-01 00:00:09 | DEBUG | wifi_c_init_netif:160 | netif initialized as STA[0m
I (814) wifi:wifi driver task: 3ffc08d8, prio:23, stack:6656, core=0
I (834) wifi:wifi firmware version: ce9244d
I (834) wifi:wifi certification version: v7.0
I (834) wifi:config NVS flash: enabled
I (834) wifi:config nano formating: disabled
I (834) wifi:Init data frame dynamic rx buffer num: 32
I (844) wifi:Init management frame dynamic rx buffer num: 32
I (844) wifi:Init management short buffer num: 32
I (854) wifi:Init dynamic tx buffer num: 32
I (854) wifi:Init static rx buffer size: 1600
I (864) wifi:Init static rx buffer num: 10
I (864) wifi:Init dynamic rx buffer num: 32
[0;32mI (874) wifi_init: rx ba win: 6[0m
[0;32mI (874) wifi_init: tcpip mbox: 32[0m
[0;32mI (874) wifi_init: udp mbox: 6[0m
[0;32mI (884) wifi_init: tcp mbox: 6[0m
[0;32mI (884) wifi_init: tcp tx win: 5744[0m
[0;32mI (884) wifi_init: tcp rx win: 5744[0m
[0;32mI (894) wifi_init: tcp mss: 1440[0m
[0;32mI (894) wifi_init: WiFi IRAM OP enabled[0m
[0;32mI (904) wifi_init: WiFi RX IRAM OP enabled[0m
[0;32m1970-01-01 00:00:09 | INFO  | wifi_c_init_wifi:309 | Wifi initialized.[0m
[0;32mI (914) phy_init: phy_version 4670,719f9f6,Feb 18 2021,17:07:07[0m
I (1034) wifi:mode : sta (c8:f0:9e:f8:01:a8)
I (1034) wifi:enable tsf
[0;32m1970-01-01 00:00:10 | INFO  | wifi_c_sta_event_handler:102 | Station started, connecting to WiFi.[0m
[0m1970-01-01 00:00:10 | DEBUG | wifi_c_init_wifi:313 | wifi successfully initialized[0m
[0m1970-01-01 00:00:10 | DEBUG | nvs_c_open_read_only:79 | opened namespace nvs for read only operations[0m
[0;32m1970-01-01 00:00:10 | INFO  | nvs_c_read_string:131 | read 15 bytes from namespace: nvs[0m
[0m1970-01-01 00:00:10 | DEBUG | wifi_manager_get_stored_ap:79 | found stored SSID in NVS: TP-LINK_AD8313[0m
[0;32m1970-01-01 00:00:10 | INFO  | nvs_c_read_string:131 | read 9 bytes from namespace: nvs[0m
[0m1970-01-01 00:00:10 | DEBUG | wifi_manager_get_stored_ap:83 | found stored password in NVS: 20232887[0m
[0m1970-01-01 00:00:10 | DEBUG | nvs_c_close:88 | nvs namespace: nvs was closed[0m
[0;32m1970-01-01 00:00:10 | INFO  | wifi_manager_init:232 | found stored AP, connecting to: TP-LINK_AD8313[0m
[0m1970-01-01 00:00:10 | DEBUG | wifi_c_start_sta:442 | WiFi successfully configured as STA.[0m
