ets Jul 29 2019 12:21:46

rst:0x1 (POWERON_RESET),boot:0x13 (SPI_FAST_FLASH_BOOT)
configsip: 0, SPIWP:0xee
clk_drv:0x00,q_drv:0x00,d_drv:0x00,cs0_drv:0x00,hd_drv:0x00,wp_drv:0x00
mode:DIO, clock div:2
load:0x3fff0030,len:7076
load:0x40078000,len:15584
ho 0 tail 12 room 4
load:0x40080400,len:4
load:0x40080404,len:3876
entry 0x4008064c
[0;32mI (31) boot: ESP-IDF 5.1.1 2nd stage bootloader[0m
[0;32mI (31) boot: compile time Jan 30 2024 18:41:00[0m
[0;32mI (31) boot: Multicore bootloader[0m
[0;32mI (35) boot: chip revision: v3.0[0m
[0;32mI (39) boot.esp32: SPI Speed      : 40MHz[0m
[0;32mI (44) boot.esp32: SPI Mode       : DIO[0m
[0;32mI (48) boot.esp32: SPI Flash Size : 4MB[0m
[0;32mI (53) boot: Enabling RNG early entropy source...[0m
[0;32mI (58) boot: Partition Table:[0m
[0;32mI (62) boot: ## Label            Usage          Type ST Offset   Length[0m
[0;32mI (69) boot:  0 nvs              WiFi data        01 02 00009000 00004000[0m
[0;32mI (77) boot:  1 otadata          OTA data         01 00 0000d000 00002000[0m
[0;32mI (84) boot:  2 phy_init         RF data          01 01 0000f000 00001000[0m
[0;32mI (92) boot:  3 factory          factory app      00 00 00010000 00100000[0m
[0;32mI (99) boot:  4 ota_0            OTA app          00 10 00110000 00100000[0m
[0;32mI (106) boot:  5 ota_1            OTA app          00 11 00210000 00100000[0m
[0;32mI (114) boot: End of partition table[0m
[0;32mI (118) boot: Defaulting to factory image[0m
[0;32mI (123) esp_image: segment 0: paddr=00010020 vaddr=3f400020 size=09cfch ( 40188) map[0m
[0;32mI (146) esp_image: segment 1: paddr=00019d24 vaddr=3ffb0000 size=021a4h (  8612) load[0m
[0;32mI (150) esp_image: segment 2: paddr=0001bed0 vaddr=40080000 size=04148h ( 16712) load[0m
[0;32mI (159) esp_image: segment 3: paddr=00020020 vaddr=400d0020 size=17b54h ( 97108) map[0m
[0;32mI (195) esp_image: segment 4: paddr=00037b7c vaddr=40084148 size=08078h ( 32888) load[0m
[0;32mI (215) boot: Loaded app from partition at offset 0x10000[0m
[0;32mI (216) boot: Disabling RNG early entropy source...[0m
[0;32mI (227) cpu_start: Multicore app[0m
[0;32mI (227) cpu_start: Pro cpu up.[0m
[0;32mI (227) cpu_start: Starting app cpu, entry point is 0x40081530[0m
[0;32mI (0) cpu_start: App cpu up.[0m
[0;32mI (245) cpu_start: Pro cpu start user code[0m
[0;32mI (245) cpu_start: cpu freq: 160000000 Hz[0m
[0;32mI (245) cpu_start: Application information:[0m
[0;32mI (250) cpu_start: Project name:     esp_startup[0m
[0;32mI (255) cpu_start: App version:      0.0.0.2[0m
[0;32mI (260) cpu_start: Compile time:     Jan 30 2024 18:37:35[0m
[0;32mI (266) cpu_start: ELF file SHA256:  8a5a26218480f004...[0m
[0;32mI (272) cpu_start: ESP-IDF:          5.1.1[0m
[0;32mI (277) cpu_start: Min chip rev:     v0.0[0m
[0;32mI (282) cpu_start: Max chip rev:     v3.99 [0m
[0;32mI (287) cpu_start: Chip rev:         v3.0[0m
[0;32mI (292) heap_init: Initializing. RAM available for dynamic allocation:[0m
[0;32mI (299) heap_init: At 3FFAE6E0 len 00001920 (6 KiB): DRAM[0m
[0;32mI (305) heap_init: At 3FFB2A80 len 0002D580 (181 KiB): DRAM[0m
[0;32mI (311) heap_init: At 3FFE0440 len 00003AE0 (14 KiB): D/IRAM[0m
[0;32mI (317) heap_init: At 3FFE4350 len 0001BCB0 (111 KiB): D/IRAM[0m
[0;32mI (324) heap_init: At 4008C1C0 len 00013E40 (79 KiB): IRAM[0m
[0;32mI (331) spi_flash: detected chip: generic[0m
[0;32mI (335) spi_flash: flash io: dio[0m
[0;32mI (339) app_start: Starting scheduler on CPU0[0m
[0;32mI (344) app_start: Starting scheduler on CPU1[0m
[0;32mI (344) main_task: Started on CPU0[0m
[0;32mI (354) main_task: Calling app_main()[0m
[0;32mI (454) main_task: Returned from app_main()[0m
