ets Jul 29 2019 12:21:46

rst:0x8 (TG1WDT_SYS_RESET),boot:0x13 (SPI_FAST_FLASH_BOOT)
configsip: 0, SPIWP:0xee
clk_drv:0x00,q_drv:0x00,d_drv:0x00,cs0_drv:0x00,hd_drv:0x00,wp_drv:0x00
mode:DIO, clock div:2
load:0x3fff0030,len:7076
load:0x40078000,len:15584
ho 0 tail 12 room 4
load:0x40080400,len:4
load:0x40080404,len:3876
entry 0x4008064c
[0;32mI (62) boot: ESP-IDF 5.1.1 2nd stage bootloader[0m
[0;32mI (62) boot: compile time Feb  3 2024 18:48:11[0m
[0;32mI (62) boot: Multicore bootloader[0m
[0;32mI (67) boot: chip revision: v3.0[0m
[0;32mI (70) boot.esp32: SPI Speed      : 40MHz[0m
[0;32mI (75) boot.esp32: SPI Mode       : DIO[0m
[0;32mI (79) boot.esp32: SPI Flash Size : 4MB[0m
[0;33mW (84) boot.esp32: PRO CPU has been reset by WDT.[0m
[0;33mW (89) boot.esp32: WDT reset info: PRO CPU PC=0x4008d168[0m
[0;33mW (95) boot.esp32: WDT reset info: APP CPU PC=0x40082605[0m
[0;32mI (101) boot: Enabling RNG early entropy source...[0m
[0;32mI (107) boot: Partition Table:[0m
[0;32mI (111) boot: ## Label            Usage          Type ST Offset   Length[0m
[0;32mI (118) boot:  0 nvs              WiFi data        01 02 00009000 00004000[0m
[0;32mI (125) boot:  1 otadata          OTA data         01 00 0000d000 00002000[0m
[0;32mI (133) boot:  2 phy_init         RF data          01 01 0000f000 00001000[0m
[0;32mI (141) boot:  3 factory          factory app      00 00 00010000 00100000[0m
[0;32mI (148) boot:  4 ota_0            OTA app          00 10 00110000 00100000[0m
[0;32mI (156) boot:  5 ota_1            OTA app          00 11 00210000 00100000[0m
[0;32mI (163) boot: End of partition table[0m
[0;32mI (168) boot: Defaulting to factory image[0m
[0;32mI (172) esp_image: segment 0: paddr=00010020 vaddr=3f400020 size=2cd28h (183592) map[0m
[0;32mI (247) esp_image: segment 1: paddr=0003cd50 vaddr=3ffb0000 size=032c8h ( 13000) load[0m
[0;32mI (252) esp_image: segment 2: paddr=00040020 vaddr=400d0020 size=a9cd8h (695512) map[0m
[0;32mI (504) esp_image: segment 3: paddr=000e9d00 vaddr=3ffb32c8 size=00690h (  1680) load[0m
[0;32mI (505) esp_image: segment 4: paddr=000ea398 vaddr=40080000 size=16c9ch ( 93340) load[0m
[0;32mI (560) boot: Loaded app from partition at offset 0x10000[0m
[0;32mI (560) boot: Disabling RNG early entropy source...[0m
[0;32mI (571) cpu_start: Multicore app[0m
[0;32mI (572) cpu_start: Pro cpu up.[0m
[0;32mI (572) cpu_start: Starting app cpu, entry point is 0x4008228c[0m
[0;32mI (0) cpu_start: App cpu up.[0m
[0;32mI (590) cpu_start: Pro cpu start user code[0m
[0;32mI (590) cpu_start: cpu freq: 160000000 Hz[0m
[0;32mI (590) cpu_start: Application information:[0m
[0;32mI (595) cpu_start: Project name:     esp_startup[0m
[0;32mI (600) cpu_start: App version:      0.0.0.2[0m
[0;32mI (605) cpu_start: Compile time:     Feb  3 2024 18:43:48[0m
[0;32mI (611) cpu_start: ELF file SHA256:  f20a67bcd2ef73e9...[0m
[0;32mI (617) cpu_start: ESP-IDF:          5.1.1[0m
[0;32mI (622) cpu_start: Min chip rev:     v0.0[0m
[0;32mI (626) cpu_start: Max chip rev:     v3.99 [0m
[0;32mI (631) cpu_start: Chip rev:         v3.0[0m
[0;32mI (636) heap_init: Initializing. RAM available for dynamic allocation:[0m
[0;32mI (643) heap_init: At 3FFAE6E0 len 00001920 (6 KiB): DRAM[0m
[0;32mI (649) heap_init: At 3FFB86B0 len 00027950 (158 KiB): DRAM[0m
[0;32mI (655) heap_init: At 3FFE0440 len 00003AE0 (14 KiB): D/IRAM[0m
[0;32mI (662) heap_init: At 3FFE4350 len 0001BCB0 (111 KiB): D/IRAM[0m
[0;32mI (668) heap_init: At 40096C9C len 00009364 (36 KiB): IRAM[0m
[0;32mI (676) spi_flash: detected chip: generic[0m
[0;32mI (679) spi_flash: flash io: dio[0m
[0;32mI (684) app_start: Starting scheduler on CPU0[0m
[0;32mI (688) app_start: Starting scheduler on CPU1[0m
[0;32mI (688) main_task: Started on CPU0[0m
[0;32mI (698) main_task: Calling app_main()[0m
[0;32m1970-01-01 00:00:02 | INFO  | nvs_c_init_nvs:31 | nvs was initialized[0m
ets Jul 29 2019 12:21:46

rst:0x8 (TG1WDT_SYS_RESET),boot:0x13 (SPI_FAST_FLASH_BOOT)
configsip: 0, SPIWP:0xee
clk_drv:0x00,q_drv:0x00,d_drv:0x00,cs0_drv:0x00,hd_drv:0x00,wp_drv:0x00
mode:DIO, clock div:2
load:0x3fff0030,len:7076
load:0x40078000,len:15584
ho 0 tail 12 room 4
load:0x40080400,len:4
load:0x40080404,len:3876
entry 0x4008064c
[0;32mI (62) boot: ESP-IDF 5.1.1 2nd stage bootloader[0m
[0;32mI (62) boot: compile time Feb  3 2024 18:48:11[0m
[0;32mI (62) boot: Multicore bootloader[0m
[0;32mI (67) boot: chip revision: v3.0[0m
[0;32mI (70) boot.esp32: SPI Speed     
:[0;32mI (560) boot: Loaded app from partition at offset 0x10000[0m
[0;32mI (560) boot: Disabling RNG early entropy source...[0m
[0;32mI (571) cpu_start: Multicore app[0m
[0;32mI (572) cpu_start: Pro cpu up.[0m
[0;32mI (572) cpu_start: Starting app cpu, entry point is 0x4008228c[0m
[0;32mI (0) cpu_start: App cpu up.[0m
[0;32mI (590) cpu_start: Pro cpu start user code[0m
[0;32mI (590) cpu_start: cpu freq: 160000000 Hz[0m
[0;32mI (590) cpu_start: Application information:[0m
[0;32mI (595) cpu_start: Project name:     esp_startup[0m
[0;32mI (600) cpu_start: App version:      0.0.0.2[0m
[0;32mI (605) cpu_start: Compile time:     Feb  3 2024 18:43:48[0m
[0;32mI (611) cpu_start: ELF file SHA256:  f20a67bcd2ef73e9...[0m
[0;32mI (617) cpu_start: ESP-IDF:          5.1.1[0m
[0;32mI (622) cpu_start: Min chip rev:     v0.0[0m
[0;32mI (626) cpu_start: Max chip rev:     v3.99 [0m
[0;32mI (631) cpu_start: Chip rev:         v3.0[0m
[0;32mI (636) heap_init: Initializing. RAM available for dynamic allocation:[0m
[0;32mI (643) heap_init: At 3FFAE6E0 len 00001920 (6 KiB): DRAM[0m
[0;32mI (649) heap_init: At 3FFB86B0 len 00027950 (158 KiB): DRAM[0m
[0;32mI (655) heap_init: At 3FFE0440 len 00003AE0 (14 KiB): D/IRAM[0m
[0;32mI (662) heap_init: At 3FFE4350 len 0001BCB0 (111 KiB): D/IRAM[0m
[0;32mI (668) heap_init: At 40096C9C len 00009364 (36 KiB): IRAM[0m
[0;32mI (676) spi_flash: detected chip: generic[0m
[0;32mI (679) spi_flash: flash io: dio[0m
[0;32mI (684) app_start: Starting scheduler on CPU0[0m
[0;32mI (688) app_start: Starting scheduler on CPU1[0m
[0;32mI (688) main_task: Started on CPU0[0m
[0;32mI (698) main_task: Calling app_main()[0m
[0;32m1970-01-01 00:00:05 | INFO  | nvs_c_init_nvs:31 | nvs was initialized[0m
ets Jul 29 2019 12:21:46

rst:0x8 (TG1WDT_SYS_RESET),boot:0x13 (SPI_FAST_FLASH_BOOT)
configsip: 0, SPIWP:0xee
clk_drv:0x00,q_drv:0x00,d_drv:0x00,cs0_drv:0x00,hd_drv:0x00,wp_drv:0x00
mode:DIO, clock div:2
load:0x3fff0030,len:7076
load:0x40078000,len:15584
ho 0 tail 12 room 4
load:0x40080400,len:4
load:0x40080404,len:3876
entry 0x4008064c
[0;32mI (62) boot: ESP-IDF 5.1.1 2nd stage bootloader[0m
[0;32mI (62) boot: compile time Feb  3 2024 18:48:11[0m
[0;32mI (62) boot: Multicore bootloader[0m
[0;32mI (67) boot: chip revision: v3.0[0m
[0;32mI (70) boot.esp32: SPI Speed      : 40MHz[0m
[0;32mI (75) boot.esp32: SPI Mode       : DIO[0m
[0;32mI (79) boot.esp32: SPI Flash Size : 4MB[0m
[0;33mW (84) boot.esp32: PRO CPU has been reset by WDT.[0m
[0;33mW (89) boot.esp32: WDT reset info: PRO CPU PC=0x4008d168[0m
[0;33mW (95) boot.esp32: WDT reset info: APP CPU PC=0x40082605[0m
[0;32mI (101) boot: Enabling RNG early entropy source...[0m
[0;32mI (107) boot: Partition Table:[0m
[0;32mI (111) boot: ## Label            Usage          Type ST Offset   Length[0m
[0;32mI (118) boot:  0 nvs              WiFi data        01 02 00009000 00004000[0m
[0;32mI (125) boot:  1 otadata          OTA data         01 00 0000d000 00002000[0m
[0;32mI (133) boot:  2 phy_init         RF data          01 01 0000f000 00001000[0m
[0;32mI (141) boot:  3 factory          factory app      00 00 00010000 00100000[0m
[0;32mI (148) boot:  4 ota_0            OTA app          00 10 00110000 00100000[0m
[0;32mI (156) boot:  5 ota_1            OTA app          00 11 00210000 00100000[0m
[0;32mI (163) boot: End of partition table[0m
[0;32mI (168) boot: Defaulting to factory image[0m
[0;32mI (172) esp_image: segment 0: paddr=00010020 vaddr=3f400020 size=2cd28h (183592) map[0m
[0;32mI (247) esp_image: segment 1: paddr=0003cd50 vaddr=3ffb0000 size=032c8h ( 13000) load[0m
[0;32mI (252) esp_image: segment 2: paddr=00040020 vaddr=400d0020 size=a9cd8h (695512) map[0m
[0;32mI (504) esp_image: segment 3: paddr=000e9d00 vaddr=3ffb32c8 size=00690h (  1680) load[0m
[0;32mI (505) esp_image: segment 4: paddr=000ea398 vaddr=40080000 size=16c9ch ( 93340) load[0m
[0;32mI (560) boot: Loaded app from partition at offset 0x10000[0m
[0;32mI (560) boot: Disabling RNG early entropy source...[0m
[0;32mI (571) cpu_start: Multicore app[0m
[0;32mI (572) cpu_start: Pro cpu up.[0m
[0;32mI (572) cpu_start: Starting app cpu, entry point is 0x4008228c[0m
[0;32mI (0) cpu_start: App cpu up.[0m
[0;32mI (590) cpu_start: Pro cpu start user code[0m
[0;32mI (590) cpu_start: cpu freq: 160000000 Hz[0m
[0;32mI (590) cpu_start: Application information:[0m
[0;32mI (595) cpu_start: Project name:     esp_startup[0m
[0;32mI (600) cpu_start: App version:      0.0.0.2[0m
[0;32mI (605) cpu_start: Compile time:     Feb  3 2024 18:43:48[0m
[0;32mI (611) cpu_start: ELF file SHA256:  f20a67bcd2ef73e9...[0m
[0;32mI (617) cpu_start: ESP-IDF:          5.1.1[0m
[0;32mI (622) cpu_start: Min chip rev:     v0.0[0m
[0;32mI (626) cpu_start: Max chip rev:     v3.99 [0m
[0;32mI (631) cpu_start: Chip rev:         v3.0[0m
[0;32mI (636) heap_init: Initializing. RAM available for dynamic allocation:[0m
[0;32mI (643) heap_init: At 3FFAE6E0 len 00001920 (6 KiB): DRAM[0m
[0;32mI (649) heap_init: At 3FFB86B0 len 00027950 (158 KiB): DRAM[0m
[0;32mI (655) heap_init: At 3FFE0440 len 00003AE0 (14 KiB): D/IRAM[0m
[0;32mI (662) heap_init: At 3FFE4350 len 0001BCB0 (111 KiB): D/IRAM[0m
[0;32mI (668) heap_init: At 40096C9C len 00009364 (36 KiB): IRAM[0m
[0;32mI (676) spi_flash: detected chip: generic[0m
[0;32mI (679) spi_flash: flash io: dio[0m
[0;32mI (684) app_start: Starting scheduler on CPU0[0m
[0;32mI (688) app_start: Starting scheduler on CPU1[0m
[0;32mI (688) main_task: Started on CPU0[0m
[0;32mI (698) main_task: Calling app_main()[0m
[0;32m1970-01-01 00:00:07 | INFO  | nvs_c_init_nvs:31 | nvs was initialized[0m
ets Jul 29 2019 12:21:46

rst:0x8 (TG1WDT_SYS_RESET),boot:0x13 (SPI_FAST_FLASH_BOOT)
configsip: 0, SPIWP:0xee
clk_drv:0x00,q_drv:0x00,d_drv:0x00,cs0_drv:0x00,hd_drv:0x00,wp_drv:0x00
mode:DIO, clock div:2
load:0x3fff0030,len:7076
load:0x40078000,len:15584
ho 0 tail 12 room 4
load:0x40080400,len:4
load:0x40080404,len:3876
entry 0x4008064c
[0;32mI (62) boot: ESP-IDF 5.1.1 2nd stage bootloader[0m
[0;32mI (62) boot: compile time Feb  3 2024 18:48:11[0m
[0;32mI (62) boot: Multicore bootloader[0m
[0;32mI (67) boot: chip revision: v3.0[0m
[0;32mI (70) boot.esp32: SPI Speed      : 40MHz[0m
[0;32mI (75) boot.esp32: SPI Mode       : DIO[0m
[0;32mI (79) boot.esp32: SPI Flash Size : 4MB[0m
[0;33mW (84) boot.esp32: PRO CPU has been reset by WDT.[0m
[0;33mW (89) boot.esp32: WDT reset info: PRO CPU PC=0x4008d168[0m
[0;33mW (95) boot.esp32: WDT reset info: APP CPU PC=0x40082605[0m
[0;32mI (101) boot: Enabling RNG early entropy source...[0m
[0;32mI (107) boot: Partition Table:[0m
[0;32mI (111) boot: ## Label            Usage          Type ST Offset   Length[0m
[0;32mI (118) boot:  0 nvs              WiFi data        01 02 00009000 00004000[0m
[0;32mI (125) boot:  1 otadata          OTA data         01 00 0000d000 00002000[0m
[0;32mI (133) boot:  2 phy_init         RF data          01 01 0000f000 00001000[0m
[0;32mI (141) boot:  3 factory          factory app      00 00 00010000 00100000[0m
[0;32mI (148) boot:  4 ota_0            OTA app          00 10 00110000 00100000[0m
[0;32mI (156) boot:  5 ota_1            OTA app          00 11 00210000 00100000[0m
[0;32mI (163) boot: End of partition table[0m
[0;32mI (168) boot: Defaulting to factory image[0m
[0;32mI (172) esp_image: segment 0: paddr=00010020 vaddr=3f400020 size=2cd28h (183592) map[0m
[0;32mI (247) esp_image: segment 1: paddr=0003cd50 vaddr=3ffb0000 size=032c8h ( 13000) load[0m
[0;32mI (252) esp_image: segment 2: paddr=00040020 vaddr=400d0020 size=a9cd8h (695512) map[0m
[0;32mI (504) esp_image: segment 3: paddr=000e9d00 vaddr=3ffb32c8 size=00690h (  1680) load[0m
[0;32mI (505) esp_image: segment 4: paddr=000ea398 vaddr=40080000 size=16c9ch ( 93340) load[0m
[0;32mI (560) boot: Loaded app from partition at offset 0x10000[0m
[0;32mI (560) boot: Disabling RNG early entropy source...[0m
[0;32mI (571) cpu_start: Multicore app[0m
[0;32mI (572) cpu_start: Pro cpu up.[0m
[0;32mI (572) cpu_start: Starting app cpu, entry point is 0x4008228c[0m
[0;32mI (0) cpu_start: App cpu up.[0m
[0;32mI (590) cpu_start: Pro cpu start user code[0m
[0;32mI (590) cpu_start: cpu freq: 160000000 Hz[0m
[0;32mI (590) cpu_start: Application information:[0m
[0;32mI (595) cpu_start: Project name:     esp_startup[0m
[0;32mI (600) cpu_start: App version:      0.0.0.2[0m
[0;32mI (605) cpu_start: Compile time:     Feb  3 2024 18:43:48[0m
[0;32mI (611) cpu_start: ELF file SHA256:  f20a67bcd2ef73e9...[0m
[0;32mI (617) cpu_start: ESP-IDF:          5.1.1[0m
[0;32mI (622) cpu_start: Min chip rev:     v0.0[0m
[0;32mI (626) cpu_start: Max chip rev:     v3.99 [0m
[0;32mI (631) cpu_start: Chip rev:         v3.0[0m
[0;32mI (636) heap_init: Initializing. RAM available for dynamic allocation:[0m
[0;32mI (643) heap_init: At 3FFAE6E0 len 00001920 (6 KiB): DRAM[0m
[0;32mI (649) heap_init: At 3FFB86B0 len 00027950 (158 KiB): DRAM[0m
[0;32mI (655) heap_init: At 3FFE0440 len 00003AE0 (14 KiB): D/IRAM[0m
[0;32mI (662) heap_init: At 3FFE4350 len 0001BCB0 (111 KiB): D/IRAM[0m
[0;32mI (668) heap_init: At 40096C9C len 00009364 (36 KiB): IRAM[0m
[0;32mI (676) spi_flash: detected chip: generic[0m
[0;32mI (679) spi_flash: flash io: dio[0m
[0;32mI (684) app_start: Starting scheduler on CPU0[0m
[0;32mI (688) app_start: Starting scheduler on CPU1[0m
[0;32mI (688) main_task: Started on CPU0[0m
[0;32mI (698) main_task: Calling app_main()[0m
[0;32m1970-01-01 00:00:09 | INFO  | nvs_c_init_nvs:31 | nvs was initialized[0m
ets Jul 29 2019 12:21:46

rst:0x8 (TG1WDT_SYS_RESET),boot:0x13 (SPI_FAST_FLASH_BOOT)
configsip: 0, SPIWP:0xee
clk_drv:0x00,q_drv:0x00,d_drv:0x00,cs0_drv:0x00,hd_drv:0x00,wp_drv:0x00
mode:DIO, clock div:2
load:0x3fff0030,len:7076
load:0x40078000,len:15584
ho 0 tail 12 room 4
load:0x40080400,len:4
load:0x40080404,len:3876
entry 0x4008064c
[0;32mI (62) boot: ESP-IDF 5.1.1 2nd stage bootloader[0m
[0;32mI (62) boot: compile time Feb  3 2024 18:48:11[0m
[0;32mI (62) boot: Multicore bootloader[0m
[0;32mI (67) boot: chip revision: v3.0[0m
[0;32mI (70) boot.esp32: SPI Speed      : 40MHz[0m
[0;32mI (75) boot.esp32: SPI Mode       : DIO[0m
[0;32mI (79) boot.esp32: SPI Flash Size : 4MB[0m
[0;33mW (84) boot.esp32: PRO CPU has been reset by WDT.[0m
[0;33mW (89) boot.esp32: WDT reset info: PRO CPU PC=0x4008d168[0m
[0;33mW (95) boot.esp32: WDT reset info: APP CPU PC=0x40082605[0m
[0;32mI (101) boot: Enabling RNG early entropy source...[0m
[0;32mI (107) boot: Partition Table:[0m
[0;32mI (111) boot: ## Label            Usage          Type ST Offset   Length[0m
[0;32mI (118) boot:  0 nvs              WiFi data        01 02 00009000 00004000[0m
[0;32mI (125) boot:  1 otadata          OTA data         01 00 0000d000 00002000[0m
[0;32mI (133) boot:  2 phy_init         RF data          01 01 0000f000 00001000[0m
[0;32mI (141) boot:  3 factory          factory app      00 00 00010000 00100000[0m
[0;32mI (148) boot:  4 ota_0            OTA app          00 10 00110000 00100000[0m
[0;32mI (156) boot:  5 ota_1            OTA app          00 11 00210000 00100000[0m
[0;32mI (163) boot: End of partition table[0m
[0;32mI (168) boot: Defaulting to factory image[0m
[0;32mI (172) esp_image: segment 0: paddr=00010020 vaddr=3f400020 size=2cd28h (183592) map[0m
[0;32mI (247) esp_image: segment 1: paddr=0003cd50 vaddr=3ffb0000 size=032c8h ( 13000) load[0m
[0;32mI (252) esp_image: segment 2: paddr=00040020 vaddr=400d0020 size=a9cd8h (695512) map[0m
[0;32mI (504) esp_image: segment 3: paddr=000e9d00 vaddr=3ffb32c8 size=00690h (  1680) load[0m
[0;32mI (505) esp_image: segment 4: paddr=000ea398 vaddr=40080000 size=16c9ch ( 93340) load[0m
[0;32mI (560) boot: Loaded app from partition at offset 0x10000[0m
[0;32mI (560) boot: Disabling RNG early entropy source...[0m
[0;32mI (571) cpu_start: Multicore app[0m
[0;32mI (572) cpu_start: Pro cpu up.[0m
[0;32mI (572) cpu_start: Starting app cpu, entry point is 0x4008228c[0m
[0;32mI (0) cpu_start: App cpu up.[0m
[0;32mI (590) cpu_start: Pro cpu start user code[0m
[0;32mI (590) cpu_start: cpu freq: 160000000 Hz[0m
[0;32mI (590) cpu_start: Application information:[0m
[0;32mI (595) cpu_start: Project name:     esp_startup[0m
[0;32mI (600) cpu_start: App version:      0.0.0.2[0m
[0;32mI (605) cpu_start: Compile time:     Feb  3 2024 18:43:48[0m
[0;32mI (611) cpu_start: ELF file SHA256:  f20a67bcd2ef73e9...[0m
[0;32mI (617) cpu_start: ESP-IDF:          5.1.1[0m
[0;32mI (622) cpu_start: Min chip rev:     v0.0[0m
[0;32mI (626) cpu_start: Max chip rev:     v3.99 [0m
[0;32mI (631) cpu_start: Chip rev:         v3.0[0m
[0;32mI (636) heap_init: Initializing. RAM available for dynamic allocation:[0m
[0;32mI (643) heap_init: At 3FFAE6E0 len 00001920 (6 KiB): DRAM[0m
[0;32mI (649) heap_init: At 3FFB86B0 len 00027950 (158 KiB): DRAM[0m
[0;32mI (655) heap_init: At 3FFE0440 len 00003AE0 (14 KiB): D/IRAM[0m
[0;32mI (662) heap_init: At 3FFE4350 len 0001BCB0 (111 KiB): D/IRAM[0m
[0;32mI (668) heap_init: At 40096C9C len 00009364 (36 KiB): IRAM[0m
[0;32mI (676) spi_flash: detected chip: generic[0m
[0;32mI (679) spi_flash: flash io: dio[0m
[0;32mI (684) app_start: Starting scheduler on CPU0[0m
[0;32mI (688) app_start: Starting scheduler on CPU1[0m
[0;32mI (688) main_task: Started on CPU0[0m
[0;32mI (698) main_task: Calling app_main()[0m
[0;32m1970-01-01 00:00:11 | INFO  | nvs_c_init_nvs:31 | nvs was initialized[0m
ets Jul 29 2019 12:21:46

rst:0x8 (TG1WDT_SYS_RESET),boot:0x13 (SPI_FAST_FLASH_BOOT)
configsip: 0, SPIWP:0xee
clk_drv:0x00,q_drv:0x00,d_drv:0x00,cs0_drv:0x00,hd_drv:0x00,wp_drv:0x00
mode:DIO, clock div:2
load:0x3fff0030,len:7076
load:0x40078000,len:15584
ho 0 tail 12 room 4
load:0x40080400,len:4
load:0x40080404,len:3876
entry 0x4008064c
[0;32mI (62) boot: ESP-IDF 5.1.1 2nd stage bootloader[0m
[0;32mI (62) boot: compile time Feb  3 2024 18:48:11[0m
[0;32mI (62) boot: Multicore bootloader[0m
[0;32mI (67) boot: chip revision: v3.0[0m
[0;32mI (70) boot.esp32: SPI Speed      : 40MHz[0m
[0;32mI (75) boot.esp32: SPI Mode       : DIO[0m
[0;32mI (79) boot.esp32: SPI Flash Size : 4MB[0m
[0;33mW (84) boot.esp32: PRO CPU has been reset by WDT.[0m
[0;33mW (89) boot.esp32: WDT reset info: PRO CPU PC=0x4008d168[0m
[0;33mW (95) boot.esp32: WDT reset info: APP CPU PC=0x40082605[0m
[0;32mI (101) boot: Enabling RNG early entropy source...[0m
[0;32mI (107) boot: Partition Table:[0m
[0;32mI (111) boot: ## Label            Usage          Type ST Offset   Length[0m
[0;32mI (118) boot:  0 nvs              WiFi data        01 02 00009000 00004000[0m
[0;32mI (125) boot:  1 otadata          OTA data         01 00 0000d000 00002000[0m
[0;32mI (133) boot:  2 phy_init         RF data          01 01 0000f000 00001000[0m
[0;32mI (141) boot:  3 factory          factory app      00 00 00010000 00100000[0m
[0;32mI (148) boot:  4 ota_0            OTA app          00 10 00110000 00100000[0m
[0;32mI (156) boot:  5 ota_1            OTA app          00 11 00210000 00100000[0m
[0;32mI (163) boot: End of partition table[0m
[0;32mI (168) boot: Defaulting to factory image[0m
[0;32mI (172) esp_image: segment 0: paddr=00010020 vaddr=3f400020 size=2cd28h (183592) map[0m
[0;32mI (247) esp_image: segment 1: paddr=0003cd50 vaddr=3ffb0000 size=032c8h ( 13000) load[0m
[0;32mI (252) esp_image: segment 2: paddr=00040020 vaddr=400d0020 size=a9cd8h (695512) map[0m
[0;32mI (504) esp_image: segment 3: paddr=000e9d00 vaddr=3ffb32c8 size=00690h (  1680) load[0m
[0;32mI (505) esp_image: segment 4: paddr=000ea398 vaddr=40080000 size=16c9ch ( 93340) load[0m
[0;32mI (560) boot: Loaded app from partition at offset 0x10000[0m
[0;32mI (560) boot: Disabling RNG early entropy source...[0m
[0;32mI (571) cpu_start: Multicore app[0m
[0;32mI (572) cpu_start: Pro cpu up.[0m
[0;32mI (572) cpu_start: Starting app cpu, entry point is 0x4008228c[0m
[0;32mI (0) cpu_start: App cpu up.[0m
[0;32mI (590) cpu_start: Pro cpu start user code[0m
[0;32mI (590) cpu_start: cpu freq: 160000000 Hz[0m
[0;32mI (590) cpu_start: Application information:[0m
[0;32mI (595) cpu_start: Project name:     esp_startup[0m
[0;32mI (600) cpu_start: App version:      0.0.0.2[0m
[0;32mI (605) cpu_start: Compile time:     Feb  3 2024 18:43:48[0m
[0;32mI (611) cpu_start: ELF file SHA256:  f20a67bcd2ef73e9...[0m
[0;32mI (617) cpu_start: ESP-IDF:          5.1.1[0m
[0;32mI (622) cpu_start: Min chip rev:     v0.0[0m
[0;32mI (626) cpu_start: Max chip rev:     v3.99 [0m
[0;32mI (631) cpu_start: Chip rev:         v3.0[0m
[0;32mI (636) heap_init: Initializing. RAM available for dynamic allocation:[0m
[0;32mI (643) heap_init: At 3FFAE6E0 len 00001920 (6 KiB): DRAM[0m
[0;32mI (649) heap_init: At 3FFB86B0 len 00027950 (158 KiB): DRAM[0m
[0;32mI (655) heap_init: At 3FFE0440 len 00003AE0 (14 KiB): D/IRAM[0m
[0;32mI (662) heap_init: At 3FFE4350 len 0001BCB0 (111 KiB): D/IRAM[0m
[0;32mI (668) heap_init: At 40096C9C len 00009364 (36 KiB): IRAM[0m
[0;32mI (676) spi_flash: detected chip: generic[0m
[0;32mI (679) spi_flash: flash io: dio[0m
[0;32mI (684) app_start: Starting scheduler on CPU0[0m
[0;32mI (688) app_start: Starting scheduler on CPU1[0m
[0;32mI (688) main_task: Started on CPU0[0m
[0;32mI (698) main_task: Calling app_main()[0m
[0;32m1970-01-01 00:00:13 | INFO  | nvs_c_init_nvs:31 | nvs was initialized[0m
ets Jul 29 2019 12:21:46

rst:0x8 (TG1WDT_SYS_RESET),boot:0x13 (SPI_FAST_FLASH_BOOT)
configsip: 0, SPIWP:0xee
clk_drv:0x00,q_drv:0x00,d_drv:0x00,cs0_drv:0x00,hd_drv:0x00,wp_drv:0x00
mode:DIO, clock div:2
load:0x3fff0030,len:7076
load:0x40078000,len:15584
ho 0 tail 12 room 4
load:0x40080400,len:4
load:0x40080404,len:3876
entry 0x4008064c
[0;32mI (62) boot: ESP-IDF 5.1.1 2nd stage bootloader[0m
[0;32mI (62) boot: compile time Feb  3 2024 18:48:11[0m
[0;32mI (62) boot: Multicore bootloader[0m
[0;32mI (67) boot: chip revision: v3.0[0m
[0;32mI (70) boot.esp32: SPI Speed      : 40MHz[0m
[0;32mI (75) boot.esp32: SPI Mode       : DIO[0m
[0;32mI (79) boot.esp32: SPI Flash Size : 4MB[0m
[0;33mW (84) boot.esp32: PRO CPU has been reset by WDT.[0m
[0;33mW (89) boot.esp32: WDT reset info: PRO CPU PC=0x4008d168[0m
[0;33mW (95) boot.esp32: WDT reset info: APP CPU PC=0x40082605[0m
[0;32mI (101) boot: Enabling RNG early entropy source...[0m
[0;32mI (107) boot: Partition Table:[0m
[0;32mI (111) boot: ## Label            Usage          Type ST Offset   Length[0m
[0;32mI (118) boot:  0 nvs              WiFi data        01 02 00009000 00004000[0m
[0;32mI (125) boot:  1 otadata          OTA data         01 00 0000d000 00002000[0m
[0;32mI (133) boot:  2 phy_init         RF data          01 01 0000f000 00001000[0m
[0;32mI (141) boot:  3 factory          factory app      00 00 00010000 00100000[0m
[0;32mI (148) boot:  4 ota_0            OTA app          00 10 00110000 00100000[0m
[0;32mI (156) boot:  5 ota_1            OTA app          00 11 00210000 00100000[0m
[0;32mI (163) boot: End of partition table[0m
[0;32mI (168) boot: Defaulting to factory image[0m
[0;32mI (172) esp_image: segment 0: paddr=00010020 vaddr=3f400020 size=2cd28h (183592) map[0m
[0;32mI (247) esp_image: segment 1: paddr=0003cd50 vaddr=3ffb0000 size=032c8h ( 13000) load[0m
[0;32mI (252) esp_image: segment 2: paddr=00040020 vaddr=400d0020 size=a9cd8h (695512) map[0m
[0;32mI (504) esp_image: segment 3: paddr=000e9d00 vaddr=3ffb32c8 size=00690h (  1680) load[0m
[0;32mI (505) esp_image: segment 4: paddr=000ea398 vaddr=40080000 size=16c9ch ( 93340) load[0m
[0;32mI (560) boot: Loaded app from partition at offset 0x10000[0m
[0;32mI (560) boot: Disabling RNG early entropy source...[0m
[0;32mI (571) cpu_start: Multicore app[0m
[0;32mI (572) cpu_start: Pro cpu up.[0m
[0;32mI (572) cpu_start: Starting app cpu, entry point is 0x4008228c[0m
[0;32mI (0) cpu_start: App cpu up.[0m
[0;32mI (590) cpu_start: Pro cpu start user code[0m
[0;32mI (590) cpu_start: cpu freq: 160000000 Hz[0m
[0;32mI (590) cpu_start: Application information:[0m
[0;32mI (595) cpu_start: Project name:     esp_startup[0m
[0;32mI (600) cpu_start: App version:      0.0.0.2[0m
[0;32mI (605) cpu_start: Compile time:     Feb  3 2024 18:43:48[0m
[0;32mI (611) cpu_start: ELF file SHA256:  f20a67bcd2ef73e9...[0m
[0;32mI (617) cpu_start: ESP-IDF:          5.1.1[0m
[0;32mI (622) cpu_start: Min chip rev:     v0.0[0m
[0;32mI (626) cpu_start: Max chip rev:     v3.99 [0m
[0;32mI (631) cpu_start: Chip rev:         v3.0[0m
[0;32mI (636) heap_init: Initializing. RAM available for dynamic allocation:[0m
[0;32mI (643) heap_init: At 3FFAE6E0 len 00001920 (6 KiB): DRAM[0m
[0;32mI (649) heap_init: At 3FFB86B0 len 00027950 (158 KiB): DRAM[0m
[0;32mI (655) heap_init: At 3FFE0440 len 00003AE0 (14 KiB): D/IRAM[0m
[0;32mI (662) heap_init: At 3FFE4350 len 0001BCB0 (111 KiB): D/IRAM[0m
[0;32mI (668) heap_init: At 40096C9C len 00009364 (36 KiB): IRAM[0m
[0;32mI (676) spi_flash: detected chip: generic[0m
[0;32mI (679) spi_flash: flash io: dio[0m
[0;32mI (684) app_start: Starting scheduler on CPU0[0m
[0;32mI (688) app_start: Starting scheduler on CPU1[0m
[0;32mI (688) main_task: Started on CPU0[0m
[0;32mI (698) main_task: Calling app_main()[0m
[0;32m1970-01-01 00:00:15 | INFO  | nvs_c_init_nvs:31 | nvs was initialized[0m
ets Jul 29 2019 12:21:46

rst:0x8 (TG1WDT_SYS_RESET),boot:0x13 (SPI_FAST_FLASH_BOOT)
configsip: 0, SPIWP:0xee
clk_drv:0x00,q_drv:0x00,d_drv:0x00,cs0_drv:0x00,hd_drv:0x00,wp_drv:0x00
mode:DIO, clock div:2
load:0x3fff0030,len:7076
load:0x40078000,len:15584
ho 0 tail 12 room 4
load:0x40080400,len:4
load:0x40080404,len:3876
entry 0x4008064c
[0;32mI (62) boot: ESP-IDF 5.1.1 2nd stage bootloader[0m
[0;32mI (62) boot: compile time Feb  3 2024 18:48:11[0m
[0;32mI (62) boot: Multicore bootloader[0m
[0;32mI (67) boot: chip revision: v3.0[0m
[0;32mI (70) boot.esp32: SPI Speed      : 40MHz[0m
[0;32mI (75) boot.esp32: SPI Mode       : DIO[0m
[0;32mI (79) boot.esp32: SPI Flash Size : 4MB[0m
[0;33mW (84) boot.esp32: PRO CPU has been reset by WDT.[0m
[0;33mW (89) boot.esp32: WDT reset info: PRO CPU PC=0x4008d168[0m
[0;33mW (95) boot.esp32: WDT reset info: APP CPU PC=0x40082605[0m
[0;32mI (101) boot: Enabling RNG early entropy source...[0m
[0;32mI (107) boot: Partition Table:[0m
[0;32mI (111) boot: ## Label            Usage          Type ST Offset   Length[0m
[0;32mI (118) boot:  0 nvs              WiFi data        01 02 00009000 00004000[0m
[0;32mI (125) boot:  1 otadata          OTA data         01 00 0000d000 00002000[0m
[0;32mI (133) boot:  2 phy_init         RF data          01 01 0000f000 00001000[0m
[0;32mI (141) boot:  3 factory          factory app      00 00 00010000 00100000[0m
[0;32mI (148) boot:  4 ota_0            OTA app          00 10 00110000 00100000[0m
[0;32mI (156) boot:  5 ota_1            OTA app          00 11 00210000 00100000[0m
[0;32mI (163) boot: End of partition table[0m
[0;32mI (168) boot: Defaulting to factory image[0m
[0;32mI (172) esp_image: segment 0: paddr=00010020 vaddr=3f400020 size=2cd28h (183592) map[0m
[0;32mI (247) esp_image: segment 1: paddr=0003cd50 vaddr=3ffb0000 size=032c8h ( 13000) load[0m
[0;32mI (252) esp_image: segment 2: paddr=00040020 vaddr=400d0020 size=a9cd8h (695512) map[0m
[0;32mI (504) esp_image: segment 3: paddr=000e9d00 vaddr=3ffb32c8 size=00690h (  1680) load[0m
[0;32mI (505) esp_image: segment 4: paddr=000ea398 vaddr=40080000 size=16c9ch ( 93340) load[0m
[0;32mI (560) boot: Loaded app from partition at offset 0x10000[0m
[0;32mI (560) boot: Disabling RNG early entropy source...[0m
[0;32mI (571) cpu_start: Multicore app[0m
[0;32mI (572) cpu_start: Pro cpu up.[0m
[0;32mI (572) cpu_start: Starting app cpu, entry point is 0x4008228c[0m
[0;32mI (0) cpu_start: App cpu up.[0m
[0;32mI (590) cpu_start: Pro cpu start user code[0m
[0;32mI (590) cpu_start: cpu freq: 160000000 Hz[0m
[0;32mI (590) cpu_start: Application information:[0m
[0;32mI (595) cpu_start: Project name:     esp_startup[0m
[0;32mI (600) cpu_start: App version:      0.0.0.2[0m
[0;32mI (605) cpu_start: Compile time:     Feb  3 2024 18:43:48[0m
[0;32mI (611) cpu_start: ELF file SHA256:  f20a67bcd2ef73e9...[0m
[0;32mI (617) cpu_start: ESP-IDF:          5.1.1[0m
[0;32mI (622) cpu_start: Min chip rev:     v0.0[0m
[0;32mI (626) cpu_start: Max chip rev:     v3.99 [0m
[0;32mI (631) cpu_start: Chip rev:         v3.0[0m
[0;32mI (636) heap_init: Initializing. RAM available for dynamic allocation:[0m
[0;32mI (643) heap_init: At 3FFAE6E0 len 00001920 (6 KiB): DRAM[0m
[0;32mI (649) heap_init: At 3FFB86B0 len 00027950 (158 KiB): DRAM[0m
[0;32mI (655) heap_init: At 3FFE0440 len 00003AE0 (14 KiB): D/IRAM[0m
[0;32mI (662) heap_init: At 3FFE4350 len 0001BCB0 (111 KiB): D/IRAM[0m
[0;32mI (668) heap_init: At 40096C9C len 00009364 (36 KiB): IRAM[0m
[0;32mI (676) spi_flash: detected chip: generic[0m
[0;32mI (679) spi_flash: flash io: dio[0m
[0;32mI (684) app_start: Starting scheduler on CPU0[0m
[0;32mI (688) app_start: Starting scheduler on CPU1[0m
[0;32mI (688) main_task: Started on CPU0[0m
[0;32mI (698) main_task: Calling app_main()[0m
[0;32m1970-01-01 00:00:17 | INFO  | nvs_c_init_nvs:31 | nvs was initialized[0m
ets Jul 29 2019 12:21:46

rst:0x8 (TG1WDT_SYS_RESET),boot:0x13 (SPI_FAST_FLASH_BOOT)
configsip: 0, SPIWP:0xee
clk_drv:0x00,q_drv:0x00,d_drv:0x00,cs0_drv:0x00,hd_drv:0x00,wp_drv:0x00
mode:DIO, clock div:2
load:0x3fff0030,len:7076
load:0x40078000,len:15584
ho 0 tail 12 room 4
load:0x40080400,len:4
load:0x40080404,len:3876
entry 0x4008064c
[0;32mI (62) boot: ESP-IDF 5.1.1 2nd stage bootloader[0m
[0;32mI (62) boot: compile time Feb  3 2024 18:48:11[0m
[0;32mI (62) boot: Multicore bootloader[0m
[0;32mI (67) boot: chip revision: v3.0[0m
[0;32mI (70) boot.esp32: SPI Speed      : 40MHz[0m
[0;32mI (75) boot.esp32: SPI Mode       : DIO[0m
[0;32mI (79) boot.esp32: SPI Flash Size : 4MB[0m
[0;33mW (84) boot.esp32: PRO CPU has been reset by WDT.[0m
[0;33mW (89) boot.esp32: WDT reset info: PRO CPU PC=0x4008d168[0m
[0;33mW (95) boot.esp32: WDT reset info: APP CPU PC=0x40082605[0m
[0;32mI (101) boot: Enabling RNG early entropy source...[0m
[0;32mI (107) boot: Partition Table:[0m
[0;32mI (111) boot: ## Label            Usage          Type ST Offset   Length[0m
[0;32mI (118) boot:  0 nvs              WiFi data        01 02 00009000 00004000[0m
[0;32mI (125) boot:  1 otadata          OTA data         01 00 0000d000 00002000[0m
[0;32mI (133) boot:  2 phy_init         RF data          01 01 0000f000 00001000[0m
[0;32mI (141) boot:  3 factory          factory app      00 00 00010000 00100000[0m
[0;32mI (148) boot:  4 ota_0            OTA app          00 10 00110000 00100000[0m
[0;32mI (156) boot:  5 ota_1            OTA app          00 11 00210000 00100000[0m
[0;32mI (163) boot: End of partition table[0m
[0;32mI (168) boot: Defaulting to factory image[0m
[0;32mI (172) esp_image: segment 0: paddr=00010020 vaddr=3f400020 size=2cd28h (183592) map[0m
[0;32mI (247) esp_image: segment 1: paddr=0003cd50 vaddr=3ffb0000 size=032c8h ( 13000) load[0m
[0;32mI (252) esp_image: segment 2: paddr=00040020 vaddr=400d0020 size=a9cd8h (695512) map[0m
[0;32mI (504) esp_image: segment 3: paddr=000e9d00 vaddr=3ffb32c8 size=00690h (  1680) load[0m
[0;32mI (505) esp_image: segment 4: paddr=000ea398 vaddr=40080000 size=16c9ch ( 93340) load[0m
[0;32mI (560) boot: Loaded app from partition at offset 0x10000[0m
[0;32mI (560) boot: Disabling RNG early entropy source...[0m
[0;32mI (571) cpu_start: Multicore app[0m
[0;32mI (572) cpu_start: Pro cpu up.[0m
[0;32mI (572) cpu_start: Starting app cpu, entry point is 0x4008228c[0m
[0;32mI (0) cpu_start: App cpu up.[0m
[0;32mI (590) cpu_start: Pro cpu start user code[0m
[0;32mI (590) cpu_start: cpu freq: 160000000 Hz[0m
[0;32mI (590) cpu_start: Application information:[0m
[0;32mI (595) cpu_start: Project name:     esp_startup[0m
[0;32mI (600) cpu_start: App version:      0.0.0.2[0m
[0;32mI (605) cpu_start: Compile time:     Feb  3 2024 18:43:48[0m
[0;32mI (611) cpu_start: ELF file SHA256:  f20a67bcd2ef73e9...[0m
[0;32mI (617) cpu_start: ESP-IDF:          5.1.1[0m
[0;32mI (622) cpu_start: Min chip rev:     v0.0[0m
[0;32mI (626) cpu_start: Max chip rev:     v3.99 [0m
[0;32mI (631) cpu_start: Chip rev:         v3.0[0m
[0;32mI (636) heap_init: Initializing. RAM available for dynamic allocation:[0m
[0;32mI (643) heap_init: At 3FFAE6E0 len 00001920 (6 KiB): DRAM[0m
[0;32mI (649) heap_init: At 3FFB86B0 len 00027950 (158 KiB): DRAM[0m
[0;32mI (655) heap_init: At 3FFE0440 len 00003AE0 (14 KiB): D/IRAM[0m
[0;32mI (662) heap_init: At 3FFE4350 len 0001BCB0 (111 KiB): D/IRAM[0m
[0;32mI (668) heap_init: At 40096C9C len 00009364 (36 KiB): IRAM[0m
[0;32mI (676) spi_flash: detected chip: generic[0m
[0;32mI (679) spi_flash: flash io: dio[0m
[0;32mI (684) app_start: Starting scheduler on CPU0[0m
[0;32mI (688) app_start: Starting scheduler on CPU1[0m
[0;32mI (688) main_task: Started on CPU0[0m
[0;32mI (698) main_task: Calling app_main()[0m
[0;32m1970-01-01 00:00:19 | INFO  | nvs_c_init_nvs:31 | nvs was initialized[0m
ets Jul 29 2019 12:21:46

rst:0x8 (TG1WDT_SYS_RESET),boot:0x13 (SPI_FAST_FLASH_BOOT)
configsip: 0, SPIWP:0xee
clk_drv:0x00,q_drv:0x00,d_drv:0x00,cs0_drv:0x00,hd_drv:0x00,wp_drv:0x00
mode:DIO, clock div:2
load:0x3fff0030,len:7076
load:0x40078000,len:15584
ho 0 tail 12 room 4
load:0x40080400,len:4
load:0x40080404,len:3876
entry 0x4008064c
[0;32mI (62) boot: ESP-IDF 5.1.1 2nd stage bootloader[0m
[0;32mI (62) boot: compile time Feb  3 2024 18:48:11[0m
[0;32mI (62) boot: Multicore bootloader[0m
[0;32mI (67) boot: chip revision: v3.0[0m
[0;32mI (70) boot.esp32: SPI Speed      : 40MHz[0m
[0;32mI (75) boot.esp32: SPI Mode       : DIO[0m
[0;32mI (79) boot.esp32: SPI Flash Size : 4MB[0m
[0;33mW (84) boot.esp32: PRO CPU has been reset by WDT.[0m
[0;33mW (89) boot.esp32: WDT reset info: PRO CPU PC=0x4008d168[0m
[0;33mW (95) boot.esp32: WDT reset info: APP CPU PC=0x40082605[0m
[0;32mI (101) boot: Enabling RNG early entropy source...[0m
[0;32mI (107) boot: Partition Table:[0m
[0;32mI (111) boot: ## Label            Usage          Type ST Offset   Length[0m
[0;32mI (118) boot:  0 nvs              WiFi data        01 02 00009000 00004000[0m
[0;32mI (125) boot:  1 otadata          OTA data         01 00 0000d000 00002000[0m
[0;32mI (133) boot:  2 phy_init         RF data          01 01 0000f000 00001000[0m
[0;32mI (141) boot:  3 factory          factory app      00 00 00010000 00100000[0m
[0;32mI (148) boot:  4 ota_0            OTA app          00 10 00110000 00100000[0m
[0;32mI (156) boot:  5 ota_1            OTA app          00 11 00210000 00100000[0m
[0;32mI (163) boot: End of partition table[0m
[0;32mI (168) boot: Defaulting to factory image[0m
[0;32mI (172) esp_image: segment 0: paddr=00010020 vaddr=3f400020 size=2cd28h (183592) map[0m
[0;32mI (247) esp_image: segment 1: paddr=0003cd50 vaddr=3ffb0000 size=032c8h ( 13000) load[0m
[0;32mI (252) esp_image: segment 2: paddr=00040020 vaddr=400d0020 size=a9cd8h (695512) map[0m
[0;32mI (504) esp_image: segment 3: paddr=000e9d00 vaddr=3ffb32c8 size=00690h (  1680) load[0m
[0;32mI (505) esp_image: segment 4: paddr=000ea398 vaddr=40080000 size=16c9ch ( 93340) load[0m
[0;32mI (560) boot: Loaded app from partition at offset 0x10000[0m
[0;32mI (560) boot: Disabling RNG early entropy source...[0m
[0;32mI (571) cpu_start: Multicore app[0m
[0;32mI (572) cpu_start: Pro cpu up.[0m
[0;32mI (572) cpu_start: Starting app cpu, entry point is 0x4008228c[0m
[0;32mI (0) cpu_start: App cpu up.[0m
[0;32mI (590) cpu_start: Pro cpu start user code[0m
[0;32mI (590) cpu_start: cpu freq: 160000000 Hz[0m
[0;32mI (590) cpu_start: Application information:[0m
[0;32mI (595) cpu_start: Project name:     esp_startup[0m
[0;32mI (600) cpu_start: App version:      0.0.0.2[0m
[0;32mI (605) cpu_start: Compile time:     Feb  3 2024 18:43:48[0m
[0;32mI (611) cpu_start: ELF file SHA256:  f20a67bcd2ef73e9...[0m
[0;32mI (617) cpu_start: ESP-IDF:          5.1.1[0m
[0;32mI (622) cpu_start: Min chip rev:     v0.0[0m
[0;32mI (626) cpu_start: Max chip rev:     v3.99 [0m
[0;32mI (631) cpu_start: Chip rev:         v3.0[0m
[0;32mI (636) heap_init: Initializing. RAM available for dynamic allocation:[0m
[0;32mI (643) heap_init: At 3FFAE6E0 len 00001920 (6 KiB): DRAM[0m
[0;32mI (649) heap_init: At 3FFB86B0 len 00027950 (158 KiB): DRAM[0m
[0;32mI (655) heap_init: At 3FFE0440 len 00003AE0 (14 KiB): D/IRAM[0m
[0;32mI (662) heap_init: At 3FFE4350 len 0001BCB0 (111 KiB): D/IRAM[0m
[0;32mI (668) heap_init: At 40096C9C len 00009364 (36 KiB): IRAM[0m
[0;32mI (676) spi_flash: detected chip: generic[0m
[0;32mI (679) spi_flash: flash io: dio[0m
[0;32mI (684) app_start: Starting scheduler on CPU0[0m
[0;32mI (688) app_start: Starting scheduler on CPU1[0m
[0;32mI (688) main_task: Started on CPU0[0m
[0;32mI (698) main_task: Calling app_main()[0m
[0;32m1970-01-01 00:00:21 | INFO  | nvs_c_init_nvs:31 | nvs was initialized[0m
ets Jul 29 2019 12:21:46

rst:0x8 (TG1WDT_SYS_RESET),boot:0x13 (SPI_FAST_FLASH_BOOT)
configsip: 0, SPIWP:0xee
clk_drv:0x00,q_drv:0x00,d_drv:0x00,cs0_drv:0x00,hd_drv:0x00,wp_drv:0x00
mode:DIO, clock div:2
load:0x3fff0030,len:7076
load:0x40078000,len:15584
ho 0 tail 12 room 4
load:0x40080400,len:4
load:0x40080404,len:3876
entry 0x4008064c
[0;32mI (62) boot: ESP-IDF 5.1.1 2nd stage bootloader[0m
[0;32mI (62) boot: compile time Feb  3 2024 18:48:11[0m
[0;32mI (62) boot: Multicore bootloader[0m
[0;32mI (67) boot: chip revision: v3.0[0m
[0;32mI (70) boot.esp32: SPI Speed      : 40MHz[0m
[0;32mI (75) boot.esp32: SPI Mode       : DIO[0m
[0;32mI (79) boot.esp32: SPI Flash Size : 4MB[0m
[0;33mW (84) boot.esp32: PRO CPU has been reset by WDT.[0m
[0;33mW (89) boot.esp32: WDT reset info: PRO CPU PC=0x4008d168[0m
[0;33mW (95) boot.esp32: WDT reset info: APP CPU PC=0x40082605[0m
[0;32mI (101) boot: Enabling RNG early entropy source...[0m
[0;32mI (107) boot: Partition Table:[0m
[0;32mI (111) boot: ## Label            Usage          Type ST Offset   Length[0m
[0;32mI (118) boot:  0 nvs              WiFi data        01 02 00009000 00004000[0m
[0;32mI (125) boot:  1 otadata          OTA data         01 00 0000d000 00002000[0m
[0;32mI (133) boot:  2 phy_init         RF data          01 01 0000f000 00001000[0m
[0;32mI (141) boot:  3 factory          factory app      00 00 00010000 00100000[0m
[0;32mI (148) boot:  4 ota_0            OTA app          00 10 00110000 00100000[0m
[0;32mI (156) boot:  5 ota_1            OTA app          00 11 00210000 00100000[0m
[0;32mI (163) boot: End of partition table[0m
[0;32mI (168) boot: Defaulting to factory image[0m
[0;32mI (172) esp_image: segment 0: paddr=00010020 vaddr=3f400020 size=2cd28h (183592) map[0m
[0;32mI (247) esp_image: segment 1: paddr=0003cd50 vaddr=3ffb0000 size=032c8h ( 13000) load[0m
[0;32mI (252) esp_image: segment 2: paddr=00040020 vaddr=400d0020 size=a9cd8h (695512) map[0m
[0;32mI (504) esp_image: segment 3: paddr=000e9d00 vaddr=3ffb32c8 size=00690h (  1680) load[0m
[0;32mI (505) esp_image: segment 4: paddr=000ea398 vaddr=40080000 size=16c9ch ( 93340) load[0m
[0;32mI (560) boot: Loaded app from partition at offset 0x10000[0m
[0;32mI (560) boot: Disabling RNG early entropy source...[0m
[0;32mI (571) cpu_start: Multicore app[0m
[0;32mI (572) cpu_start: Pro cpu up.[0m
[0;32mI (572) cpu_start: Starting app cpu, entry point is 0x4008228c[0m
[0;32mI (0) cpu_start: App cpu up.[0m
[0;32mI (590) cpu_start: Pro cpu start user code[0m
[0;32mI (590) cpu_start: cpu freq: 160000000 Hz[0m
[0;32mI (590) cpu_start: Application information:[0m
[0;32mI (595) cpu_start: Project name:     esp_startup[0m
[0;32mI (600) cpu_start: App version:      0.0.0.2[0m
[0;32mI (605) cpu_start: Compile time:     Feb  3 2024 18:43:48[0m
[0;32mI (611) cpu_start: ELF file SHA256:  f20a67bcd2ef73e9...[0m
[0;32mI (617) cpu_start: ESP-IDF:          5.1.1[0m
[0;32mI (622) cpu_start: Min chip rev:     v0.0[0m
[0;32mI (626) cpu_start: Max chip rev:     v3.99 [0m
[0;32mI (631) cpu_start: Chip rev:         v3.0[0m
[0;32mI (636) heap_init: Initializing. RAM available for dynamic allocation:[0m
[0;32mI (643) heap_init: At 3FFAE6E0 len 00001920 (6 KiB): DRAM[0m
[0;32mI (649) heap_init: At 3FFB86B0 len 00027950 (158 KiB): DRAM[0m
[0;32mI (655) heap_init: At 3FFE0440 len 00003AE0 (14 KiB): D/IRAM[0m
[0;32mI (662) heap_init: At 3FFE4350 len 0001BCB0 (111 KiB): D/IRAM[0m
[0;32mI (668) heap_init: At 40096C9C len 00009364 (36 KiB): IRAM[0m
[0;32mI (676) spi_flash: detected chip: generic[0m
[0;32mI (679) spi_flash: flash io: dio[0m
[0;32mI (684) app_start: Starting scheduler on CPU0[0m
[0;32mI (688) app_start: Starting scheduler on CPU1[0m
[0;32mI (688) main_task: Started on CPU0[0m
[0;32mI (698) main_task: Calling app_main()[0m
[0;32m1970-01-01 00:00:23 | INFO  | nvs_c_init_nvs:31 | nvs was initialized[0m
ets Jul 29 2019 12:21:46

rst:0x8 (TG1WDT_SYS_RESET),boot:0x13 (SPI_FAST_FLASH_BOOT)
configsip: 0, SPIWP:0xee
clk_drv:0x00,q_drv:0x00,d_drv:0x00,cs0_drv:0x00,hd_drv:0x00,wp_drv:0x00
mode:DIO, clock div:2
load:0x3fff0030,len:7076
load:0x40078000,len:15584
ho 0 tail 12 room 4
load:0x40080400,len:4
load:0x40080404,len:3876
entry 0x4008064c
[0;32mI (62) boot: ESP-IDF 5.1.1 2nd stage bootloader[0m
[0;32mI (62) boot: compile time Feb  3 2024 18:48:11[0m
[0;32mI (62) boot: Multicore bootloader[0m
[0;32mI (67) boot: chip revision: v3.0[0m
[0;32mI (70) boot.esp32: SPI Speed      : 40MHz[0m
[0;32mI (75) boot.esp32: SPI Mode       : DIO[0m
[0;32mI (79) boot.esp32: SPI Flash Size : 4MB[0m
[0;33mW (84) boot.esp32: PRO CPU has been reset by WDT.[0m
[0;33mW (89) boot.esp32: WDT reset info: PRO CPU PC=0x4008d168[0m
[0;33mW (95) boot.esp32: WDT reset info: APP CPU PC=0x40082605[0m
[0;32mI (101) boot: Enabling RNG early entropy source...[0m
[0;32mI (107) boot: Partition Table:[0m
[0;32mI (111) boot: ## Label            Usage          Type ST Offset   Length[0m
[0;32mI (118) boot:  0 nvs              WiFi data        01 02 00009000 00004000[0m
[0;32mI (125) boot:  1 otadata          OTA data         01 00 0000d000 00002000[0m
[0;32mI (133) boot:  2 phy_init         RF data          01 01 0000f000 00001000[0m
[0;32mI (141) boot:  3 factory          factory app      00 00 00010000 00100000[0m
[0;32mI (148) boot:  4 ota_0            OTA app          00 10 00110000 00100000[0m
[0;32mI (156) boot:  5 ota_1            OTA app          00 11 00210000 00100000[0m
[0;32mI (163) boot: End of partition table[0m
[0;32mI (168) boot: Defaulting to factory image[0m
[0;32mI (172) esp_image: segment 0: paddr=00010020 vaddr=3f400020 size=2cd28h (183592) map[0m
[0;32mI (247) esp_image: segment 1: paddr=0003cd50 vaddr=3ffb0000 size=032c8h ( 13000) load[0m
[0;32mI (252) esp_image: segment 2: paddr=00040020 vaddr=400d0020 size=a9cd8h (695512) map[0m
[0;32mI (504) esp_image: segment 3: paddr=000e9d00 vaddr=3ffb32c8 size=00690h (  1680) load[0m
[0;32mI (505) esp_image: segment 4: paddr=000ea398 vaddr=40080000 size=16c9ch ( 93340) load[0m
[0;32mI (560) boot: Loaded app from partition at offset 0x10000[0m
[0;32mI (560) boot: Disabling RNG early entropy source...[0m
[0;32mI (571) cpu_start: Multicore app[0m
[0;32mI (572) cpu_start: Pro cpu up.[0m
[0;32mI (572) cpu_start: Starting app cpu, entry point is 0x4008228c[0m
[0;32mI (0) cpu_start: App cpu up.[0m
[0;32mI (590) cpu_start: Pro cpu start user code[0m
[0;32mI (590) cpu_start: cpu freq: 160000000 Hz[0m
[0;32mI (590) cpu_start: Application information:[0m
[0;32mI (595) cpu_start: Project name:     esp_startup[0m
[0;32mI (600) cpu_start: App version:      0.0.0.2[0m
[0;32mI (605) cpu_start: Compile time:     Feb  3 2024 18:43:48[0m
[0;32mI (611) cpu_start: ELF file SHA256:  f20a67bcd2ef73e9...[0m
[0;32mI (617) cpu_start: ESP-IDF:          5.1.1[0m
[0;32mI (622) cpu_start: Min chip rev:     v0.0[0m
[0;32mI (626) cpu_start: Max chip rev:     v3.99 [0m
[0;32mI (631) cpu_start: Chip rev:         v3.0[0m
[0;32mI (636) heap_init: Initializing. RAM available for dynamic allocation:[0m
[0;32mI (643) heap_init: At 3FFAE6E0 len 00001920 (6 KiB): DRAM[0m
[0;32mI (649) heap_init: At 3FFB86B0 len 00027950 (158 KiB): DRAM[0m
[0;32mI (655) heap_init: At 3FFE0440 len 00003AE0 (14 KiB): D/IRAM[0m
[0;32mI (662) heap_init: At 3FFE4350 len 0001BCB0 (111 KiB): D/IRAM[0m
[0;32mI (668) heap_init: At 40096C9C len 00009364 (36 KiB): IRAM[0m
[0;32mI (676) spi_flash: detected chip: generic[0m
[0;32mI (679) spi_flash: flash io: dio[0m
[0;32mI (684) app_start: Starting scheduler on CPU0[0m
[0;32mI (688) app_start: Starting scheduler on CPU1[0m
[0;32mI (688) main_task: Started on CPU0[0m
[0;32mI (698) main_task: Calling app_main()[0m
[0;32m1970-01-01 00:00:25 | INFO  | nvs_c_init_nvs:31 | nvs was initialized[0m
