ets Jul 29 2019 12:21:46

rst:0xc (SW_CPU_RESET),boot:0x13 (SPI_FAST_FLASH_BOOT)
configsip: 0, SPIWP:0xee
clk_drv:0x00,q_drv:0x00,d_drv:0x00,cs0_drv:0x00,hd_drv:0x00,wp_drv:0x00
mode:DIO, clock div:2
load:0x3fff0030,len:7076
load:0x40078000,len:15584
ho 0 tail 12 room 4
load:0x40080400,len:4
load:0x40080404,len:3876
entry 0x4008064c
[0;32mI (31) boot: ESP-IDF 5.1.1 2nd stage bootloader[0m
[0;32mI (31) boot: compile time Feb  9 2024 21:39:01[0m
[0;32mI (31) boot: Multicore bootloader[0m
[0;32mI (35) boot: chip revision: v3.0[0m
[0;32mI (39) boot.esp32: SPI Speed      : 40MHz[0m
[0;32mI (44) boot.esp32: SPI Mode       : DIO[0m
[0;32mI (48) boot.esp32: SPI Flash Size : 4MB[0m
[0;32mI (53) boot: Enabling RNG early entropy source...[0m
[0;32mI (58) boot: Partition Table:[0m
[0;32mI (62) boot: ## Label            Usage          Type ST Offset   Length[0m
[0;32mI (69) boot:  0 nvs              WiFi data        01 02 00009000 00004000[0m
[0;32mI (76) boot:  1 otadata          OTA data         01 00 0000d000 00002000[0m
[0;32mI (84) boot:  2 phy_init         RF data          01 01 0000f000 00001000[0m
[0;32mI (91) boot:  3 factory          factory app      00 00 00010000 00100000[0m
[0;32mI (99) boot:  4 ota_0            OTA app          00 10 00110000 00100000[0m
[0;32mI (106) boot:  5 ota_1            OTA app          00 11 00210000 00100000[0m
[0;32mI (114) boot: End of partition table[0m
[0;32mI (118) boot: Defaulting to factory image[0m
[0;32mI (123) esp_image: segment 0: paddr=00010020 vaddr=3f400020 size=091e4h ( 37348) map[0m
[0;32mI (145) esp_image: segment 1: paddr=0001920c vaddr=3ffb0000 size=020e4h (  8420) load[0m
[0;32mI (149) esp_image: segment 2: paddr=0001b2f8 vaddr=40080000 size=04d20h ( 19744) load[0m
[0;32mI (159) esp_image: segment 3: paddr=00020020 vaddr=400d0020 size=13940h ( 80192) map[0m
[0;32mI (188) esp_image: segment 4: paddr=00033968 vaddr=40084d20 size=07478h ( 29816) load[0m
[0;32mI (207) boot: Loaded app from partition at offset 0x10000[0m
[0;32mI (207) boot: Disabling RNG early entropy source...[0m
[0;32mI (219) cpu_start: Multicore app[0m
[0;32mI (219) cpu_start: Pro cpu up.[0m
[0;32mI (219) cpu_start: Starting app cpu, entry point is 0x400812bc[0m
[0;32mI (206) cpu_start: App cpu up.[0m
[0;32mI (237) cpu_start: Pro cpu start user code[0m
[0;32mI (237) cpu_start: cpu freq: 160000000 Hz[0m
[0;32mI (237) cpu_start: Application information:[0m
[0;32mI (242) cpu_start: Project name:     lib_tests[0m
[0;32mI (247) cpu_start: App version:      0.0.0.1[0m
[0;32mI (252) cpu_start: Compile time:     Feb  9 2024 21:34:52[0m
[0;32mI (258) cpu_start: ELF file SHA256:  87de9800aadb59cd...[0m
[0;32mI (264) cpu_start: ESP-IDF:          5.1.1[0m
[0;32mI (269) cpu_start: Min chip rev:     v0.0[0m
[0;32mI (273) cpu_start: Max chip rev:     v3.99 [0m
[0;32mI (278) cpu_start: Chip rev:         v3.0[0m
[0;32mI (283) heap_init: Initializing. RAM available for dynamic allocation:[0m
[0;32mI (290) heap_init: At 3FFAE6E0 len 00001920 (6 KiB): DRAM[0m
[0;32mI (296) heap_init: At 3FFB29C8 len 0002D638 (181 KiB): DRAM[0m
[0;32mI (303) heap_init: At 3FFE0440 len 00003AE0 (14 KiB): D/IRAM[0m
[0;32mI (309) heap_init: At 3FFE4350 len 0001BCB0 (111 KiB): D/IRAM[0m
[0;32mI (315) heap_init: At 4008C198 len 00013E68 (79 KiB): IRAM[0m
[0;32mI (323) spi_flash: detected chip: generic[0m
[0;32mI (326) spi_flash: flash io: dio[0m
[0;32mI (331) app_start: Starting scheduler on CPU0[0m
[0;32mI (335) app_start: Starting scheduler on CPU1[0m
[0;32mI (335) main_task: Started on CPU0[0m
[0;32mI (345) main_task: Calling app_main()[0m
test/embedded/test_i2c_controller/test_i2c_controller.c:22:test_if_i2c_controller_is_defined:PASS

-----------------------
1 Tests 0 Failures 0 Ignored 
OK
ets Jul 29 2019 12:21:46

rst:0xc (SW_CPU_RESET),boot:0x13 (SPI_FAST_FLASH_BOOT)
configsip: 0, SPIWP:0xee
clk_drv:0x00,q_drv:0x00,d_drv:0x00,cs0_drv:0x00,hd_drv:0x00,wp_drv:0x00
mode:DIO, clock div:2
load:0x3fff0030,len:7076
load:0x40078000,len:15584
ho 0 tail 12 room 4
load:0x40080400,len:4
load:0x40080404,len:3876
entry 0x4008064c
[0;32mI (31) boot: ESP-IDF 5.1.1 2nd stage bootloader[0m
[0;32mI (31) boot: compile time Feb  9 2024 21:39:01[0m
[0;32mI (31) boot: Multicore bootloader[0m
[0;32mI (35) boot: chip revision: v3.0[0m
[0;32mI (39) boot.esp32: SPI Speed      : 40MHz[0m
[0;32mI (44) boot.esp32: SPI Mode       : DIO[0m
[0;32mI (48) boot.esp32: SPI Flash Size : 4MB[0m
[0;32mI (53) bo
tets Jul 29 2019 12:21:46

rst:0xc (SW_CPU_RESET),boot:0x13 (SPI_FAST_FLASH_BOOT)
configsip: 0, SPIWP:0xee
clk_drv:0x00,q_drv:0x00,d_drv:0x00,cs0_drv:0x00,hd_drv:0x00,wp_drv:0x00
mode:DIO, clock div:2
load:0x3fff0030,len:7076
load:0x40078000,len:15584
ho 0 tail 12 room 4
load:0x40080400,len:4
load:0x40080404,len:3876
entry 0x4008064c
[0;32mI (31) boot: ESP-IDF 5.1.1 2nd stage bootloader[0m
[0;32mI (31) boot: compile time Feb  9 2024 21:39:01[0m
[0;32mI (31) boot: Multicore bootloader[0m
[0;32mI (35) boot: chip revision: v3.0[0m
[0;32mI (39) boot.esp32: SPI Speed      : 40MHz[0m
[0;32mI (44) boot.esp32: SPI Mode       : DIO[0m
[0;32mI (48) boot.esp32: SPI Flash Size : 4MB[0m
[0;32mI (53) boot: Enabling RNG early entropy source...[0m
[0;32mI (58) boot: Partition Table:[0m
[0;32mI (62) boot: ## Label            Usage          Type ST Offset   Length[0m
[0;32mI (69) boot:  0 nvs              WiFi data        01 02 00009000 00004000[0m
[0;32mI (76) boot:  1 otadata          OTA data         01 00 0000d000 00002000[0m
[0;32mI (84) boot:  2 phy_init         RF data          01 01 0000f000 00001000[0m
[0;32mI (91) boot:  3 factory          factory app      00 00 00010000 00100000[0m
[0;32mI (99) boot:  4 ota_0            OTA app          00 10 00110000 00100000[0m
[0;32mI (106) boot:  5 ota_1            OTA app          00 11 00210000 00100000[0m
[0;32mI (114) boot: End of partition table[0m
[0;32mI (118) boot: Defaulting to factory image[0m
[0;32mI (123) esp_image: segment 0: paddr=00010020 vaddr=3f400020 size=091e4h ( 37348) map[0m
[0;32mI (145) esp_image: segment 1: paddr=0001920c vaddr=3ffb0000 size=020e4h (  8420) load[0m
[0;32mI (149) esp_image: segment 2: paddr=0001b2f8 vaddr=40080000 size=04d20h ( 19744) load[0m
[0;32mI (159) esp_image: segment 3: paddr=00020020 vaddr=400d0020 size=13940h ( 80192) map[0m
[0;32mI (188) esp_image: segment 4: paddr=00033968 vaddr=40084d20 size=07478h ( 29816) load[0m
[0;32mI (207) boot: Loaded app from partition at offset 0x10000[0m
[0;32mI (207) boot: Disabling RNG early entropy source...[0m
[0;32mI (219) cpu_start: Multicore app[0m
[0;32mI (219) cpu_start: Pro cpu up.[0m
[0;32mI (219) cpu_start: Starting app cpu, entry point is 0x400812bc[0m
[0;32mI (206) cpu_start: App cpu up.[0m
[0;32mI (237) cpu_start: Pro cpu start user code[0m
[0;32mI (237) cpu_start: cpu freq: 160000000 Hz[0m
[0;32mI (237) cpu_start: Application information:[0m
[0;32mI (242) cpu_start: Project name:     lib_tests[0m
[0;32mI (247) cpu_start: App version:      0.0.0.1[0m
[0;32mI (252) cpu_start: Compile time:     Feb  9 2024 21:34:52[0m
[0;32mI (258) cpu_start: ELF file SHA256:  87de9800aadb59cd...[0m
[0;32mI (264) cpu_start: ESP-IDF:          5.1.1[0m
[0;32mI (269) cpu_start: Min chip rev:     v0.0[0m
[0;32mI (273) cpu_start: Max chip rev:     v3.99 [0m
[0;32mI (278) cpu_start: Chip rev:         v3.0[0m
[0;32mI (283) heap_init: Initializing. RAM available for dynamic allocation:[0m
[0;32mI (290) heap_init: At 3FFAE6E0 len 00001920 (6 KiB): DRAM[0m
[0;32mI (296) heap_init: At 3FFB29C8 len 0002D638 (181 KiB): DRAM[0m
[0;32mI (303) heap_init: At 3FFE0440 len 00003AE0 (14 KiB): D/IRAM[0m
[0;32mI (309) heap_init: At 3FFE4350 len 0001BCB0 (111 KiB): D/IRAM[0m
[0;32mI (315) heap_init: At 4008C198 len 00013E68 (79 KiB): IRAM[0m
[0;32mI (323) spi_flash: detected chip: generic[0m
[0;32mI (326) spi_flash: flash io: dio[0m
[0;32mI (331) app_start: Starting scheduler on CPU0[0m
[0;32mI (335) app_start: Starting scheduler on CPU1[0m
[0;32mI (335) main_task: Started on CPU0[0m
[0;32mI (345) main_task: Calling app_main()[0m
test/embedded/test_i2c_controller/test_i2c_controller.c:22:test_if_i2c_controller_is_defined:PASS

-----------------------
1 Tests 0 Failures 0 Ignored 
OK
ets Jul 29 2019 12:21:46

rst:0xc (SW_CPU_RESET),boot:0x13 (SPI_FAST_FLASH_BOOT)
configsip: 0, SPIWP:0xee
clk_drv:0x00,q_drv:0x00,d_drv:0x00,cs0_drv:0x00,hd_drv:0x00,wp_drv:0x00
mode:DIO, clock div:2
load:0x3fff0030,len:7076
load:0x40078000,len:15584
ho 0 tail 12 room 4
load:0x40080400,len:4
load:0x40080404,len:3876
entry 0x4008064c
[0;32mI (31) boot: ESP-IDF 5.1.1 2nd stage bootloader[0m
[0;32mI (31) boot: compile time Feb  9 2024 21:39:01[0m
[0;32mI (31) boot: Multicore bootloader[0m
[0;32mI (35) boot: chip revision: v3.0[0m
[0;32mI (39) boot.esp32: SPI Speed      : 40MHz[0m
[0;32mI (44) boot.esp32: SPI Mode       : DIO[0m
[0;32mI (48) boot.esp32: SPI Flash Size : 4MB[0m
[0;32mI (53) boot: Enabling RNG early entropy source...[0m
[0;32mI (58) boot: Partition Table:[0m
[0;32mI (62) boot: ## Label            Usage          Type ST Offset   Length[0m
[0;32mI (69) boot:  0 nvs              WiFi data        01 02 00009000 00004000[0m
[0;32mI (76) boot:  1 otadata          OTA data         01 00 0000d000 00002000[0m
[0;32mI (84) boot:  2 phy_init         RF data          01 01 0000f000 00001000[0m
[0;32mI (91) boot:  3 factory          factory app      00 00 00010000 00100000[0m
[0;32mI (99) boot:  4 ota_0            OTA app          00 10 00110000 00100000[0m
[0;32mI (106) boot:  5 ota_1            OTA app          00 11 00210000 00100000[0m
[0;32mI (114) boot: End of partition table[0m
[0;32mI (118) boot: Defaulting to factory image[0m
[0;32mI (123) esp_image: segment 0: paddr=00010020 vaddr=3f400020 size=091e4h ( 37348) map[0m
[0;32mI (145) esp_image: segment 1: paddr=0001920c vaddr=3ffb0000 size=020e4h (  8420) load[0m
[0;32mI (149) esp_image: segment 2: paddr=0001b2f8 vaddr=40080000 size=04d20h ( 19744) load[0m
[0;32mI (159) esp_image: segment 3: paddr=00020020 vaddr=400d0020 size=13940h ( 80192) map[0m
[0;32mI (188) esp_image: segment 4: paddr=00033968 vaddr=40084d20 size=07478h ( 29816) load[0m
[0;32mI (207) boot: Loaded app from partition at offset 0x10000[0m
[0;32mI (207) boot: Disabling RNG early entropy source...[0m
[0;32mI (219) cpu_start: Multicore app[0m
[0;32mI (219) cpu_start: Pro cpu up.[0m
[0;32mI (219) cpu_start: Starting app cpu, entry point is 0x400812bc[0m
[0;32mI (206) cpu_start: App cpu up.[0m
[0;32mI (237) cpu_start: Pro cpu start user code[0m
[0;32mI (237) cpu_start: cpu freq: 160000000 Hz[0m
[0;32mI (237) cpu_start: Application information:[0m
[0;32mI (242) cpu_start: Project name:     lib_tests[0m
[0;32mI (247) cpu_start: App version:      0.0.0.1[0m
[0;32mI (252) cpu_start: Compile time:     Feb  9 2024 21:34:52[0m
[0;32mI (258) cpu_start: ELF file SHA256:  87de9800aadb59cd...[0m
[0;32mI (264) cpu_start: ESP-IDF:          5.1.1[0m
[0;32mI (269) cpu_start: Min chip rev:     v0.0[0m
[0;32mI (273) cpu_start: Max chip rev:     v3.99 [0m
[0;32mI (278) cpu_start: Chip rev:         v3.0[0m
[0;32mI (283) heap_init: Initializing. RAM available for dynamic allocation:[0m
[0;32mI (290) heap_init: At 3FFAE6E0 len 00001920 (6 KiB): DRAM[0m
[0;32mI (296) heap_init: At 3FFB29C8 len 0002D638 (181 KiB): DRAM[0m
[0;32mI (303) heap_init: At 3FFE0440 len 00003AE0 (14 KiB): D/IRAM[0m
[0;32mI (309) heap_init: At 3FFE4350 len 0001BCB0 (111 KiB): D/IRAM[0m
[0;32mI (315) heap_init: At 4008C198 len 00013E68 (79 KiB): IRAM[0m
[0;32mI (323) spi_flash: detected chip: generic[0m
[0;32mI (326) spi_flash: flash io: dio[0m
[0;32mI (331) app_start: Starting scheduler on CPU0[0m
[0;32mI (335) app_start: Starting scheduler on CPU1[0m
[0;32mI (335) main_task: Started on CPU0[0m
[0;32mI (345) main_task: Calling app_main()[0m
test/embedded/test_i2c_controller/test_i2c_controller.c:22:test_if_i2c_controller_is_defined:PASS

-----------------------
1 Tests 0 Failures 0 Ignored 
OK
ets Jul 29 2019 12:21:46

rst:0xc (SW_CPU_RESET),boot:0x13 (SPI_FAST_FLASH_BOOT)
configsip: 0, SPIWP:0xee
clk_drv:0x00,q_drv:0x00,d_drv:0x00,cs0_drv:0x00,hd_drv:0x00,wp_drv:0x00
mode:DIO, clock div:2
load:0x3fff0030,len:7076
load:0x40078000,len:15584
ho 0 tail 12 room 4
load:0x40080400,len:4
load:0x40080404,len:3876
entry 0x4008064c
[0;32mI (31) boot: ESP-IDF 5.1.1 2nd stage bootloader[0m
[0;32mI (31) boot: compile time Feb  9 2024 21:39:01[0m
[0;32mI (31) boot: Multicore bootloader[0m
[0;32mI (35) boot: chip revision: v3.0[0m
[0;32mI (39) boot.esp32: SPI Speed      : 40MHz[0m
[0;32mI (44) boot.esp32: SPI Mode       : DIO[0m
[0;32mI (48) boot.esp32: SPI Flash Size : 4MB[0m
[0;32mI (53) boot: Enabling RNG early entropy source...[0m
[0;32mI (58) boot: Partition Table:[0m
[0;32mI (62) boot: ## Label            Usage          Type ST Offset   Length[0m
[0;32mI (69) boot:  0 nvs              WiFi data        01 02 00009000 00004000[0m
[0;32mI (76) boot:  1 otadata          OTA data         01 00 0000d000 00002000[0m
[0;32mI (84) boot:  2 phy_init         RF data          01 01 0000f000 00001000[0m
[0;32mI (91) boot:  3 factory          factory app      00 00 00010000 00100000[0m
[0;32mI (99) boot:  4 ota_0            OTA app          00 10 00110000 00100000[0m
[0;32mI (106) boot:  5 ota_1            OTA app          00 11 00210000 00100000[0m
[0;32mI (114) boot: End of partition table[0m
[0;32mI (118) boot: Defaulting to factory image[0m
[0;32mI (123) esp_image: segment 0: paddr=00010020 vaddr=3f400020 size=091e4h ( 37348) map[0m
[0;32mI (145) esp_image: segment 1: paddr=0001920c vaddr=3ffb0000 size=020e4h (  8420) load[0m
[0;32mI (149) esp_image: segment 2: paddr=0001b2f8 vaddr=40080000 size=04d20h ( 19744) load[0m
[0;32mI (159) esp_image: segment 3: paddr=00020020 vaddr=400d0020 size=13940h ( 80192) map[0m
[0;32mI (188) esp_image: segment 4: paddr=00033968 vaddr=40084d20 size=07478h ( 29816) load[0m
[0;32mI (207) boot: Loaded app from partition at offset 0x10000[0m
[0;32mI (207) boot: Disabling RNG early entropy source...[0m
[0;32mI (219) cpu_start: Multicore app[0m
[0;32mI (219) cpu_start: Pro cpu up.[0m
[0;32mI (219) cpu_start: Starting app cpu, entry point is 0x400812bc[0m
[0;32mI (206) cpu_start: App cpu up.[0m
[0;32mI (237) cpu_start: Pro cpu start user code[0m
[0;32mI (237) cpu_start: cpu freq: 160000000 Hz[0m
[0;32mI (237) cpu_start: Application information:[0m
[0;32mI (242) cpu_start: Project name:     lib_tests[0m
[0;32mI (247) cpu_start: App version:      0.0.0.1[0m
[0;32mI (252) cpu_start: Compile time:     Feb  9 2024 21:34:52[0m
[0;32mI (258) cpu_start: ELF file SHA256:  87de9800aadb59cd...[0m
[0;32mI (264) cpu_start: ESP-IDF:          5.1.1[0m
[0;32mI (269) cpu_start: Min chip rev:     v0.0[0m
[0;32mI (273) cpu_start: Max chip rev:     v3.99 [0m
[0;32mI (278) cpu_start: Chip rev:         v3.0[0m
[0;32mI (283) heap_init: Initializing. RAM available for dynamic allocation:[0m
[0;32mI (290) heap_init: At 3FFAE6E0 len 00001920 (6 KiB): DRAM[0m
[0;32mI (296) heap_init: At 3FFB29C8 len 0002D638 (181 KiB): DRAM[0m
[0;32mI (303) heap_init: At 3FFE0440 len 00003AE0 (14 KiB): D/IRAM[0m
[0;32mI (309) heap_init: At 3FFE4350 len 0001BCB0 (111 KiB): D/IRAM[0m
[0;32mI (315) heap_init: At 4008C198 len 00013E68 (79 KiB): IRAM[0m
[0;32mI (323) spi_flash: detected chip: generic[0m
[0;32mI (326) spi_flash: flash io: dio[0m
[0;32mI (331) app_start: Starting scheduler on CPU0[0m
[0;32mI (335) app_start: Starting scheduler on CPU1[0m
[0;32mI (335) main_task: Started on CPU0[0m
[0;32mI (345) main_task: Calling app_main()[0m
test/embedded/test_i2c_controller/test_i2c_controller.c:22:test_if_i2c_controller_is_defined:PASS

-----------------------
1 Tests 0 Failures 0 Ignored 
OK
ets Jul 29 2019 12:21:46

rst:0xc (SW_CPU_RESET),boot:0x13 (SPI_FAST_FLASH_BOOT)
configsip: 0, SPIWP:0xee
clk_drv:0x00,q_drv:0x00,d_drv:0x00,cs0_drv:0x00,hd_drv:0x00,wp_drv:0x00
mode:DIO, clock div:2
load:0x3fff0030,len:7076
load:0x40078000,len:15584
ho 0 tail 12 room 4
load:0x40080400,len:4
load:0x40080404,len:3876
entry 0x4008064c
[0;32mI (31) boot: ESP-IDF 5.1.1 2nd stage bootloader[0m
[0;32mI (31) boot: compile time Feb  9 2024 21:39:01[0m
[0;32mI (31) boot: Multicore bootloader[0m
[0;32mI (35) boot: chip revision: v3.0[0m
[0;32mI (39) boot.esp32: SPI Speed      : 40MHz[0m
[0;32mI (44) boot.esp32: SPI Mode       : DIO[0m
[0;32mI (48) boot.esp32: SPI Flash Size : 4MB[0m
[0;32mI (53) boot: Enabling RNG early entropy source...[0m
[0;32mI (58) boot: Partition Table:[0m
[0;32mI (62) boot: ## Label            Usage          Type ST Offset   Length[0m
[0;32mI (69) boot:  0 nvs              WiFi data        01 02 00009000 00004000[0m
[0;32mI (76) boot:  1 otadata          OTA data         01 00 0000d000 00002000[0m
[0;32mI (84) boot:  2 phy_init         RF data          01 01 0000f000 00001000[0m
[0;32mI (91) boot:  3 factory          factory app      00 00 00010000 00100000[0m
[0;32mI (99) boot:  4 ota_0            OTA app          00 10 00110000 00100000[0m
[0;32mI (106) boot:  5 ota_1            OTA app          00 11 00210000 00100000[0m
[0;32mI (114) boot: End of partition table[0m
[0;32mI (118) boot: Defaulting to factory image[0m
[0;32mI (123) esp_image: segment 0: paddr=00010020 vaddr=3f400020 size=091e4h ( 37348) map[0m
[0;32mI (145) esp_image: segment 1: paddr=0001920c vaddr=3ffb0000 size=020e4h (  8420) load[0m
[0;32mI (149) esp_image: segment 2: paddr=0001b2f8 vaddr=40080000 size=04d20h ( 19744) load[0m
[0;32mI (159) esp_image: segment 3: paddr=00020020 vaddr=400d0020 size=13940h ( 80192) map[0m
[0;32mI (188) esp_image: segment 4: paddr=00033968 vaddr=40084d20 size=07478h ( 29816) load[0m
[0;32mI (207) boot: Loaded app from partition at offset 0x10000[0m
[0;32mI (207) boot: Disabling RNG early entropy source...[0m
[0;32mI (219) cpu_start: Multicore app[0m
[0;32mI (219) cpu_start: Pro cpu up.[0m
[0;32mI (219) cpu_start: Starting app cpu, entry point is 0x400812bc[0m
[0;32mI (206) cpu_start: App cpu up.[0m
[0;32mI (237) cpu_start: Pro cpu start user code[0m
[0;32mI (237) cpu_start: cpu freq: 160000000 Hz[0m
[0;32mI (237) cpu_start: Application information:[0m
[0;32mI (242) cpu_start: Project name:     lib_tests[0m
[0;32mI (247) cpu_start: App version:      0.0.0.1[0m
[0;32mI (252) cpu_start: Compile time:     Feb  9 2024 21:34:52[0m
[0;32mI (258) cpu_start: ELF file SHA256:  87de9800aadb59cd...[0m
[0;32mI (264) cpu_start: ESP-IDF:          5.1.1[0m
[0;32mI (269) cpu_start: Min chip rev:     v0.0[0m
[0;32mI (273) cpu_start: Max chip rev:     v3.99 [0m
[0;32mI (278) cpu_start: Chip rev:         v3.0[0m
[0;32mI (283) heap_init: Initializing. RAM available for dynamic allocation:[0m
[0;32mI (290) heap_init: At 3FFAE6E0 len 00001920 (6 KiB): DRAM[0m
[0;32mI (296) heap_init: At 3FFB29C8 len 0002D638 (181 KiB): DRAM[0m
[0;32mI (303) heap_init: At 3FFE0440 len 00003AE0 (14 KiB): D/IRAM[0m
[0;32mI (309) heap_init: At 3FFE4350 len 0001BCB0 (111 KiB): D/IRAM[0m
[0;32mI (315) heap_init: At 4008C198 len 00013E68 (79 KiB): IRAM[0m
[0;32mI (323) spi_flash: detected chip: generic[0m
[0;32mI (326) spi_flash: flash io: dio[0m
[0;32mI (331) app_start: Starting scheduler on CPU0[0m
[0;32mI (335) app_start: Starting scheduler on CPU1[0m
[0;32mI (335) main_task: Started on CPU0[0m
[0;32mI (345) main_task: Calling app_main()[0m
test/embedded/test_i2c_controller/test_i2c_controller.c:22:test_if_i2c_controller_is_defined:PASS

-----------------------
1 Tests 0 Failures 0 Ignored 
OK
ets Jul 29 2019 12:21:46

rst:0xc (SW_CPU_RESET),boot:0x13 (SPI_FAST_FLASH_BOOT)
configsip: 0, SPIWP:0xee
clk_drv:0x00,q_drv:0x00,d_drv:0x00,cs0_drv:0x00,hd_drv:0x00,wp_drv:0x00
mode:DIO, clock div:2
load:0x3fff0030,len:7076
load:0x40078000,len:15584
ho 0 tail 12 room 4
load:0x40080400,len:4
load:0x40080404,len:3876
entry 0x4008064c
[0;32mI (31) boot: ESP-IDF 5.1.1 2nd stage bootloader[0m
[0;32mI (31) boot: compile time Feb  9 2024 21:39:01[0m
[0;32mI (31) boot: Multicore bootloader[0m
[0;32mI (35) boot: chip revision: v3.0[0m
[0;32mI (39) boot.esp32: SPI Speed      : 40MHz[0m
[0;32mI (44) boot.esp32: SPI Mode       : DIO[0m
[0;32mI (48) boot.esp32: SPI Flash Size : 4MB[0m
[0;32mI (53) boot: Enabling RNG early entropy source...[0m
[0;32mI (58) boot: Partition Table:[0m
[0;32mI (62) boot: ## Label            Usage          Type ST Offset   Length[0m
[0;32mI (69) boot:  0 nvs              WiFi data        01 02 00009000 00004000[0m
[0;32mI (76) boot:  1 otadata          OTA data         01 00 0000d000 00002000[0m
[0;32mI (84) boot:  2 phy_init         RF data          01 01 0000f000 00001000[0m
[0;32mI (91) boot:  3 factory          factory app      00 00 00010000 00100000[0m
[0;32mI (99) boot:  4 ota_0            OTA app          00 10 00110000 00100000[0m
[0;32mI (106) boot:  5 ota_1            OTA app          00 11 00210000 00100000[0m
[0;32mI (114) boot: End of partition table[0m
[0;32mI (118) boot: Defaulting to factory image[0m
[0;32mI (123) esp_image: segment 0: paddr=00010020 vaddr=3f400020 size=091e4h ( 37348) map[0m
[0;32mI (145) esp_image: segment 1: paddr=0001920c vaddr=3ffb0000 size=020e4h (  8420) load[0m
[0;32mI (149) esp_image: segment 2: paddr=0001b2f8 vaddr=40080000 size=04d20h ( 19744) load[0m
[0;32mI (159) esp_image: segment 3: paddr=00020020 vaddr=400d0020 size=13940h ( 80192) map[0m
[0;32mI (188) esp_image: segment 4: paddr=00033968 vaddr=40084d20 size=07478h ( 29816) load[0m
[0;32mI (207) boot: Loaded app from partition at offset 0x10000[0m
[0;32mI (207) boot: Disabling RNG early entropy source...[0m
[0;32mI (219) cpu_start: Multicore app[0m
[0;32mI (219) cpu_start: Pro cpu up.[0m
[0;32mI (219) cpu_start: Starting app cpu, entry point is 0x400812bc[0m
[0;32mI (206) cpu_start: App cpu up.[0m
[0;32mI (237) cpu_start: Pro cpu start user code[0m
[0;32mI (237) cpu_start: cpu freq: 160000000 Hz[0m
[0;32mI (237) cpu_start: Application information:[0m
[0;32mI (242) cpu_start: Project name:     lib_tests[0m
[0;32mI (247) cpu_start: App version:      0.0.0.1[0m
[0;32mI (252) cpu_start: Compile time:     Feb  9 2024 21:34:52[0m
[0;32mI (258) cpu_start: ELF file SHA256:  87de9800aadb59cd...[0m
[0;32mI (264) cpu_start: ESP-IDF:          5.1.1[0m
[0;32mI (269) cpu_start: Min chip rev:     v0.0[0m
[0;32mI (273) cpu_start: Max chip rev:     v3.99 [0m
[0;32mI (278) cpu_start: Chip rev:         v3.0[0m
[0;32mI (283) heap_init: Initializing. RAM available for dynamic allocation:[0m
[0;32mI (290) heap_init: At 3FFAE6E0 len 00001920 (6 KiB): DRAM[0m
[0;32mI (296) heap_init: At 3FFB29C8 len 0002D638 (181 KiB): DRAM[0m
[0;32mI (303) heap_init: At 3FFE0440 len 00003AE0 (14 KiB): D/IRAM[0m
[0;32mI (309) heap_init: At 3FFE4350 len 0001BCB0 (111 KiB): D/IRAM[0m
[0;32mI (315) heap_init: At 4008C198 len 00013E68 (79 KiB): IRAM[0m
[0;32mI (323) spi_flash: detected chip: generic[0m
[0;32mI (326) spi_flash: flash io: dio[0m
[0;32mI (331) app_start: Starting scheduler on CPU0[0m
[0;32mI (335) app_start: Starting scheduler on CPU1[0m
[0;32mI (335) main_task: Started on CPU0[0m
[0;32mI (345) main_task: Calling app_main()[0m
test/embedded/test_i2c_controller/test_i2c_controller.c:22:test_if_i2c_controller_is_defined:PASS

-----------------------
1 Tests 0 Failures 0 Ignored 
OK
ets Jul 29 2019 12:21:46

rst:0xc (SW_CPU_RESET),boot:0x13 (SPI_FAST_FLASH_BOOT)
configsip: 0, SPIWP:0xee
clk_drv:0x00,q_drv:0x00,d_drv:0x00,cs0_drv:0x00,hd_drv:0x00,wp_drv:0x00
mode:DIO, clock div:2
load:0x3fff0030,len:7076
load:0x40078000,len:15584
ho 0 tail 12 room 4
load:0x40080400,len:4
load:0x40080404,len:3876
entry 0x4008064c
[0;32mI (31) boot: ESP-IDF 5.1.1 2nd stage bootloader[0m
[0;32mI (31) boot: compile time Feb  9 2024 21:39:01[0m
[0;32mI (31) boot: Multicore bootloader[0m
[0;32mI (35) boot: chip revision: v3.0[0m
[0;32mI (39) boot.esp32: SPI Speed      : 40MHz[0m
[0;32mI (44) boot.esp32: SPI Mode       : DIO[0m
[0;32mI (48) boot.esp32: SPI Flash Size : 4MB[0m
[0;32mI (53) boot: Enabling RNG early entropy source...[0m
[0;32mI (58) boot: Partition Table:[0m
[0;32mI (62) boot: ## Label            Usage          Type ST Offset   Length[0m
[0;32mI (69) boot:  0 nvs              WiFi data        01 02 00009000 00004000[0m
[0;32mI (76) boot:  1 otadata          OTA data         01 00 0000d000 00002000[0m
[0;32mI (84) boot:  2 phy_init         RF data          01 01 0000f000 00001000[0m
[0;32mI (91) boot:  3 factory          factory app      00 00 00010000 00100000[0m
[0;32mI (99) boot:  4 ota_0            OTA app          00 10 00110000 00100000[0m
[0;32mI (106) boot:  5 ota_1            OTA app          00 11 00210000 00100000[0m
[0;32mI (114) boot: End of partition table[0m
[0;32mI (118) boot: Defaulting to factory image[0m
[0;32mI (123) esp_image: segment 0: paddr=00010020 vaddr=3f400020 size=091e4h ( 37348) map[0m
[0;32mI (145) esp_image: segment 1: paddr=0001920c vaddr=3ffb0000 size=020e4h (  8420) load[0m
[0;32mI (149) esp_image: segment 2: paddr=0001b2f8 vaddr=40080000 size=04d20h ( 19744) load[0m
[0;32mI (159) esp_image: segment 3: paddr=00020020 vaddr=400d0020 size=13940h ( 80192) map[0m
[0;32mI (188) esp_image: segment 4: paddr=00033968 vaddr=40084d20 size=07478h ( 29816) load[0m
[0;32mI (207) boot: Loaded app from partition at offset 0x10000[0m
[0;32mI (207) boot: Disabling RNG early entropy source...[0m
[0;32mI (219) cpu_start: Multicore app[0m
[0;32mI (219) cpu_start: Pro cpu up.[0m
[0;32mI (219) cpu_start: Starting app cpu, entry point is 0x400812bc[0m
[0;32mI (206) cpu_start: App cpu up.[0m
[0;32mI (237) cpu_start: Pro cpu start user code[0m
[0;32mI (237) cpu_start: cpu freq: 160000000 Hz[0m
[0;32mI (237) cpu_start: Application information:[0m
[0;32mI (242) cpu_start: Project name:     lib_tests[0m
[0;32mI (247) cpu_start: App version:      0.0.0.1[0m
[0;32mI (252) cpu_start: Compile time:     Feb  9 2024 21:34:52[0m
[0;32mI (258) cpu_start: ELF file SHA256:  87de9800aadb59cd...[0m
[0;32mI (264) cpu_start: ESP-IDF:          5.1.1[0m
[0;32mI (269) cpu_start: Min chip rev:     v0.0[0m
[0;32mI (273) cpu_start: Max chip rev:     v3.99 [0m
[0;32mI (278) cpu_start: Chip rev:         v3.0[0m
[0;32mI (283) heap_init: Initializing. RAM available for dynamic allocation:[0m
[0;32mI (290) heap_init: At 3FFAE6E0 len 00001920 (6 KiB): DRAM[0m
[0;32mI (296) heap_init: At 3FFB29C8 len 0002D638 (181 KiB): DRAM[0m
[0;32mI (303) heap_init: At 3FFE0440 len 00003AE0 (14 KiB): D/IRAM[0m
[0;32mI (309) heap_init: At 3FFE4350 len 0001BCB0 (111 KiB): D/IRAM[0m
[0;32mI (315) heap_init: At 4008C198 len 00013E68 (79 KiB): IRAM[0m
[0;32mI (323) spi_flash: detected chip: generic[0m
[0;32mI (326) spi_flash: flash io: dio[0m
[0;32mI (331) app_start: Starting scheduler on CPU0[0m
[0;32mI (335) app_start: Starting scheduler on CPU1[0m
[0;32mI (335) main_task: Started on CPU0[0m
[0;32mI (345) main_task: Calling app_main()[0m
test/embedded/test_i2c_controller/test_i2c_controller.c:22:test_if_i2c_controller_is_defined:PASS

-----------------------
1 Tests 0 Failures 0 Ignored 
OK
ets Jul 29 2019 12:21:46

rst:0xc (SW_CPU_RESET),boot:0x13 (SPI_FAST_FLASH_BOOT)
configsip: 0, SPIWP:0xee
clk_drv:0x00,q_drv:0x00,d_drv:0x00,cs0_drv:0x00,hd_drv:0x00,wp_drv:0x00
mode:DIO, clock div:2
load:0x3fff0030,len:7076
load:0x40078000,len:15584
ho 0 tail 12 room 4
load:0x40080400,len:4
load:0x40080404,len:3876
entry 0x4008064c
[0;32mI (31) boot: ESP-IDF 5.1.1 2nd stage bootloader[0m
[0;32mI (31) boot: compile time Feb  9 2024 21:39:01[0m
[0;32mI (31) boot: Multicore bootloader[0m
[0;32mI (35) boot: chip revision: v3.0[0m
[0;32mI (39) boot.esp32: SPI Speed      : 40MHz[0m
[0;32mI (44) boot.esp32: SPI Mode       : DIO[0m
[0;32mI (48) boot.esp32: SPI Flash Size : 4MB[0m
[0;32mI (53) boot: Enabling RNG early entropy source...[0m
[0;32mI (58) boot: Partition Table:[0m
[0;32mI (62) boot: ## Label            Usage          Type ST Offset   Length[0m
[0;32mI (69) boot:  0 nvs              WiFi data        01 02 00009000 00004000[0m
[0;32mI (76) boot:  1 otadata          OTA data         01 00 0000d000 00002000[0m
[0;32mI (84) boot:  2 phy_init         RF data          01 01 0000f000 00001000[0m
[0;32mI (91) boot:  3 factory          factory app      00 00 00010000 00100000[0m
[0;32mI (99) boot:  4 ota_0            OTA app          00 10 00110000 00100000[0m
[0;32mI (106) boot:  5 ota_1            OTA app          00 11 00210000 00100000[0m
[0;32mI (114) boot: End of partition table[0m
[0;32mI (118) boot: Defaulting to factory image[0m
[0;32mI (123) esp_image: segment 0: paddr=00010020 vaddr=3f400020 size=091e4h ( 37348) map[0m
[0;32mI (145) esp_image: segment 1: paddr=0001920c vaddr=3ffb0000 size=020e4h (  8420) load[0m
[0;32mI (149) esp_image: segment 2: paddr=0001b2f8 vaddr=40080000 size=04d20h ( 19744) load[0m
[0;32mI (159) esp_image: segment 3: paddr=00020020 vaddr=400d0020 size=13940h ( 80192) map[0m
[0;32mI (188) esp_image: segment 4: paddr=00033968 vaddr=40084d20 size=07478h ( 29816) load[0m
[0;32mI (207) boot: Loaded app from partition at offset 0x10000[0m
[0;32mI (207) boot: Disabling RNG early entropy source...[0m
[0;32mI (219) cpu_start: Multicore app[0m
[0;32mI (219) cpu_start: Pro cpu up.[0m
[0;32mI (219) cpu_start: Starting app cpu, entry point is 0x400812bc[0m
[0;32mI (206) cpu_start: App cpu up.[0m
[0;32mI (237) cpu_start: Pro cpu start user code[0m
[0;32mI (237) cpu_start: cpu freq: 160000000 Hz[0m
[0;32mI (237) cpu_start: Application information:[0m
[0;32mI (242) cpu_start: Project name:     lib_tests[0m
[0;32mI (247) cpu_start: App version:      0.0.0.1[0m
[0;32mI (252) cpu_start: Compile time:     Feb  9 2024 21:34:52[0m
[0;32mI (258) cpu_start: ELF file SHA256:  87de9800aadb59cd...[0m
[0;32mI (264) cpu_start: ESP-IDF:          5.1.1[0m
[0;32mI (269) cpu_start: Min chip rev:     v0.0[0m
[0;32mI (273) cpu_start: Max chip rev:     v3.99 [0m
[0;32mI (278) cpu_start: Chip rev:         v3.0[0m
[0;32mI (283) heap_init: Initializing. RAM available for dynamic allocation:[0m
[0;32mI (290) heap_init: At 3FFAE6E0 len 00001920 (6 KiB): DRAM[0m
[0;32mI (296) heap_init: At 3FFB29C8 len 0002D638 (181 KiB): DRAM[0m
[0;32mI (303) heap_init: At 3FFE0440 len 00003AE0 (14 KiB): D/IRAM[0m
[0;32mI (309) heap_init: At 3FFE4350 len 0001BCB0 (111 KiB): D/IRAM[0m
[0;32mI (315) heap_init: At 4008C198 len 00013E68 (79 KiB): IRAM[0m
[0;32mI (323) spi_flash: detected chip: generic[0m
[0;32mI (326) spi_flash: flash io: dio[0m
[0;32mI (331) app_start: Starting scheduler on CPU0[0m
[0;32mI (335) app_start: Starting scheduler on CPU1[0m
[0;32mI (335) main_task: Started on CPU0[0m
[0;32mI (345) main_task: Calling app_main()[0m
test/embedded/test_i2c_controller/test_i2c_controller.c:22:test_if_i2c_controller_is_defined:PASS

-----------------------
1 Tests 0 Failures 0 Ignored 
OK
