[0;32mI (802) gpio: GPIO[32]| InputEn: 0| OutputEn: 1| OpenDrain: 0| Pullup: 1| Pulldown: 0| Intr:0 [0m
[0;32mI (802) gpio: GPIO[33]| InputEn: 0| OutputEn: 1| OpenDrain: 0| Pullup: 1| Pulldown: 0| Intr:0 [0m
Guru Meditation Error: Core  0 panic'ed (LoadProhibited). Exception was unhandled.

Core  0 register dump:
PC      : 0x400014fd  PS      : 0x00060930  A0      : 0x8016091a  A1      : 0x3ffba590  
A2      : 0x00000000  A3      : 0xfffffffc  A4      : 0x000000ff  A5      : 0x0000ff00  
A6      : 0x00ff0000  A7      : 0xff000000  A8      : 0x00000000  A9      : 0x00000000  
A10     : 0x00000000  A11     : 0x00000001  A12     : 0x3ffba7d4  A13     : 0x00000000  
A14     : 0x3ffba7a4  A15     : 0x00000001  SAR     : 0x00000000  EXCCAUSE: 0x0000001c  
EXCVADDR: 0x00000000  LBEG    : 0x400014fd  LEND    : 0x4000150d  LCOUNT  : 0xffffffff  


Backtrace: 0x400014fa:0x3ffba590 0x40160917:0x3ffba5a0 0x40161ef2:0x3ffba8c0 0x400d384f:0x3ffba8f0 0x400d3667:0x3ffba940 0x400d368b:0x3ffba990 0x4008cfc0:0x3ffba9e0 0x4008cbbd:0x3ffbaa10

  #0  0x400014fa:0x3ffba590 in ?? ??:0
  #1  0x40160917:0x3ffba5a0 in _vfprintf_r at /builds/idf/crosstool-NG/.build/xtensa-esp32-elf/src/newlib/newlib/libc/stdio/vfprintf.c:1524
  #2  0x40161ef2:0x3ffba8c0 in vfprintf at /builds/idf/crosstool-NG/.build/xtensa-esp32-elf/src/newlib/newlib/libc/stdio/vfprintf.c:647
  #3  0x400d384f:0x3ffba8f0 in logger_write at lib/logger/src/logger.c:75
  #4  0x400d3667:0x3ffba940 in set_csb_and_sdo_to_high at src/main.c:132
  #5  0x400d368b:0x3ffba990 in app_main at src/main.c:143
  #6  0x4008cfc0:0x3ffba9e0 in main_task at /home/wmytych/.platformio/packages/framework-espidf/components/freertos/app_startup.c:208 (discriminator 13)
  #7  0x4008cbbd:0x3ffbaa10 in vPortTaskWrapper at /home/wmytych/.platformio/packages/framework-espidf/components/freertos/FreeRTOS-Kernel/portable/xtensa/port.c:162




ELF file SHA256: 69d294c447f6cd02

Rebooting...
ets Jul 29 2019 12:21:46

rst:0xc (SW_CPU_RESET),boot:0x13 (SPI_FAST_FLASH_BOOT)
configsip: 0, SPIWP:0xee
clk_drv:0x00,q_drv:0x00,d_drv:0x00,cs0_drv:0x00,hd_drv:0x00,wp_drv:0x00
mode:DIO, clock div:2
load:0x3fff0030,len:7076
load:0x40078000,len:15584
ho 0 tail 12 room 4
load:0x40080400,len:4
load:0x40080404,len:3876
entry 0x4008064c
[0;32mI (31) boot: ESP-IDF 5.1.1 2nd stage bootloader[0m
[0;32mI (31) boot: compile time Jan 22 2024 23:03:42[0m
[0;32mI (31) boot: Multicore bootloader[0m
[0;32mI (35) boot: chip revision: v3.0[0m
[0;32mI (39) boot.esp32: SPI Speed      : 40MHz[0m
[0;32mI (44) boot.esp32: SPI Mode       : DIO[0m
[0;32mI (48) boot.esp32: SPI Flash Size : 4MB[0m
[0;32mI (53) boot: Enabling RNG early entropy source...[0m
[0;32mI (58) boot: Partition Table:[0m
[0;32mI (62) boot: ## Label            Usage          Type ST Offset   Length[0m
[0;32mI (69) boot:  0 nvs              WiFi data        01 02 00009000 00004000[0m
[0;32mI (76) boot:  1 otadata          OTA data         01 00 0000d000 00002000[0m
[0;32mI (84) boot:  2 phy_init         RF data          01 01 0000f000 00001000[0m
[0;32mI (91) boot:  3 factory          OTA app          00 10 00010000 00100000[0m
[0;32mI (99) boot:  4 ota_1            OTA app          00 11 00110000 00100000[0m
[0;32mI (106) boot:  5 storage          Unknown data     01 82 00210000 000f0000[0m
[0;32mI (114) boot: End of partition table[0m
[0;32mI (118) esp_image: segment 0: paddr=00010020 vaddr=3f400020 size=2dfe0h (188384) map[0m
[0;32mI (195) esp_image: segment 1: paddr=0003e008 vaddr=3ffb0000 size=02010h (  8208) load[0m
[0;32mI (198) esp_image: segment 2: paddr=00040020 vaddr=400d0020 size=af8ach (719020) map[0m
[0;32mI (460) esp_image: segment 3: paddr=000ef8d4 vaddr=3ffb2010 size=01938h (  6456) load[0m
[0;32mI (463) esp_image: segment 4: paddr=000f1214 vaddr=40080000 size=16c9ch ( 93340) load[0m
[0;32mI (516) boot: Loaded app from partition at offset 0x10000[0m
[0;32mI (516) boot: Disabling RNG early entropy source...[0m
[0;32mI (528) cpu_start: Multicore app[0m
[0;32mI (528) cpu_start: Pro cpu up.[0m
[0;32mI (528) cpu_start: Starting app cpu, entry point is 0x4008228c[0m
[0;32mI (515) cpu_start: App cpu up.[0m
[0;32mI (546) cpu_start: Pro cpu start user code[0m
[0;32mI (546) cpu_start: cpu freq: 160000000 Hz[0m
[0;32mI (546) cpu_start: Application information:[0m
[0;32mI (551) cpu_start: Project name:     esp_startup[0m
[0;32mI (556) cpu_start: App version:      0.0.0.1[0m
[0;32mI (561) cpu_start: Compile time:     Jan 22 2024 22:59:01[0m
[0;32mI (567) cpu_start: ELF file SHA256:  69d294c447f6cd02...[0m
[0;32mI (573) cpu_start: ESP-IDF:          5.1.1[0m
[0;32mI (578) cpu_start: Min chip rev:     v0.0[0m
[0;32mI (583) cpu_start: Max chip rev:     v3.99 [0m
[0;32mI (588) cpu_start: Chip rev:         v3.0[0m
[0;32mI (592) heap_init: Initializing. RAM available for dynamic allocation:[0m
[0;32mI (600) heap_init: At 3FFAE6E0 len 00001920 (6 KiB): DRAM[0m
[0;32mI (606) heap_init: At 3FFB86E8 len 00027918 (158 KiB): DRAM[0m
[0;32mI (612) heap_init: At 3FFE0440 len 00003AE0 (14 KiB): D/IRAM[0m
[0;32mI (618) heap_init: At 3FFE4350 len 0001BCB0 (111 KiB): D/IRAM[0m
[0;32mI (625) heap_init: At 40096C9C len 00009364 (36 KiB): IRAM[0m
[0;32mI (632) spi_flash: detected chip: generic[0m
[0;32mI (635) spi_flash: flash io: dio[0m
[0;32mI (640) app_start: Starting s
h[0;32mI (460) esp_image: segment 3: paddr=000ef8d4 vaddr=3ffb2010 size=01938h (  6456) load[0m
[0;32mI (463) esp_image: segment 4: paddr=000f1214 vaddr=40080000 size=16c9ch ( 93340) load[0m
[0;32mI (516) boot: Loaded app from partition at offset 0x10000[0m
[0;32mI (516) boot: Disabling RNG early entropy source...[0m
[0;32mI (528) cpu_start: Multicore app[0m
[0;32mI (528) cpu_start: Pro cpu up.[0m
[0;32mI (528) cpu_start: Starting app cpu, entry point is 0x4008228c[0m
[0;32mI (515) cpu_start: App cpu up.[0m
[0;32mI (546) cpu_start: Pro cpu start user code[0m
[0;32mI (546) cpu_start: cpu freq: 160000000 Hz[0m
[0;32mI (546) cpu_start: Application information:[0m
[0;32mI (551) cpu_start: Project name:     esp_startup[0m
[0;32mI (556) cpu_start: App version:      0.0.0.1[0m
[0;32mI (561) cpu_start: Compile time:     Jan 22 2024 22:59:01[0m
[0;32mI (567) cpu_start: ELF file SHA256:  69d294c447f6cd02...[0m
[0;32mI (573) cpu_start: ESP-IDF:          5.1.1[0m
[0;32mI (578) cpu_start: Min chip rev:     v0.0[0m
[0;32mI (583) cpu_start: Max chip rev:     v3.99 [0m
[0;32mI (588) cpu_start: Chip rev:         v3.0[0m
[0;32mI (592) heap_init: Initializing. RAM available for dynamic allocation:[0m
[0;32mI (600) heap_init: At 3FFAE6E0 len 00001920 (6 KiB): DRAM[0m
[0;32mI (606) heap_init: At 3FFB86E8 len 00027918 (158 KiB): DRAM[0m
[0;32mI (612) heap_init: At 3FFE0440 len 00003AE0 (14 KiB): D/IRAM[0m
[0;32mI (618) heap_init: At 3FFE4350 len 0001BCB0 (111 KiB): D/IRAM[0m
[0;32mI (625) heap_init: At 40096C9C len 00009364 (36 KiB): IRAM[0m
[0;32mI (632) spi_flash: detected chip: generic[0m
[0;32mI (635) spi_flash: flash io: dio[0m
[0;32mI (640) app_start: Starting scheduler on CPU0[0m
[0;32mI (644) app_start: Starting scheduler on CPU1[0m
[0;32mI (644) main_task: Started on CPU0[0m
[0;32mI (654) main_task: Calling app_main()[0m
[0;32mI (754) gpio: GPIO[32]| InputEn: 0| OutputEn: 1| OpenDrain: 0| Pullup: 1| Pulldown: 0| Intr:0 [0m
[0;32mI (754) gpio: GPIO[33]| InputEn: 0| OutputEn: 1| OpenDrain: 0| Pullup: 1| Pulldown: 0| Intr:0 [0m
Guru Meditation Error: Core  0 panic'ed (LoadProhibited). Exception was unhandled.

Core  0 register dump:
PC      : 0x400014fd  PS      : 0x00060930  A0      : 0x8016091a  A1      : 0x3ffba590  
A2      : 0x00000000  A3      : 0xfffffffc  A4      : 0x000000ff  A5      : 0x0000ff00  
A6      : 0x00ff0000  A7      : 0xff000000  A8      : 0x00000000  A9      : 0x00000000  
A10     : 0x00000000  A11     : 0x00000001  A12     : 0x3ffba7d4  A13     : 0x00000000  
A14     : 0x3ffba7a4  A15     : 0x00000001  SAR     : 0x00000000  EXCCAUSE: 0x0000001c  
EXCVADDR: 0x00000000  LBEG    : 0x400014fd  LEND    : 0x4000150d  LCOUNT  : 0xffffffff  


Backtrace: 0x400014fa:0x3ffba590 0x40160917:0x3ffba5a0 0x40161ef2:0x3ffba8c0 0x400d384f:0x3ffba8f0 0x400d3667:0x3ffba940 0x400d368b:0x3ffba990 0x4008cfc0:0x3ffba9e0 0x4008cbbd:0x3ffbaa10

  #0  0x400014fa:0x3ffba590 in ?? ??:0
  #1  0x40160917:0x3ffba5a0 in _vfprintf_r at /builds/idf/crosstool-NG/.build/xtensa-esp32-elf/src/newlib/newlib/libc/stdio/vfprintf.c:1524
  #2  0x40161ef2:0x3ffba8c0 in vfprintf at /builds/idf/crosstool-NG/.build/xtensa-esp32-elf/src/newlib/newlib/libc/stdio/vfprintf.c:647
  #3  0x400d384f:0x3ffba8f0 in logger_write at lib/logger/src/logger.c:75
  #4  0x400d3667:0x3ffba940 in set_csb_and_sdo_to_high at src/main.c:132
  #5  0x400d368b:0x3ffba990 in app_main at src/main.c:143
  #6  0x4008cfc0:0x3ffba9e0 in main_task at /home/wmytych/.platformio/packages/framework-espidf/components/freertos/app_startup.c:208 (discriminator 13)
  #7  0x4008cbbd:0x3ffbaa10 in vPortTaskWrapper at /home/wmytych/.platformio/packages/framework-espidf/components/freertos/FreeRTOS-Kernel/portable/xtensa/port.c:162




ELF file SHA256: 69d294c447f6cd02

Rebooting...
ets Jul 29 2019 12:21:46

rst:0xc (SW_CPU_RESET),boot:0x13 (SPI_FAST_FLASH_BOOT)
configsip: 0, SPIWP:0xee
clk_drv:0x00,q_drv:0x00,d_drv:0x00,cs0_drv:0x00,hd_drv:0x00,wp_drv:0x00
mode:DIO, clock div:2
load:0x3fff0030,len:7076
load:0x40078000,len:15584
ho 0 tail 12 room 4
load:0x40080400,len:4
load:0x40080404,len:3876
entry 0x4008064c
[0;32mI (31) boot: ESP-IDF 5.1.1 2nd stage bootloader[0m
[0;32mI (31) boot: compile time Jan 22 2024 23:03:42[0m
[0;32mI (31) boot: Multicore bootloader[0m
[0;32mI (35) boot: chip revision: v3.0[0m
[0;32mI (39) boot.esp32: SPI Speed      : 40MHz[0m
[0;32mI (44) boot.esp32: SPI Mode       : DIO[0m
[0;32mI (48) boot.esp32: SPI Flash Size : 4MB[0m
[0;32mI (53) boot: Enabling RNG early entropy source...[0m
[0;32mI (58) boot: Partition Table:[0m
[0;32mI (62) boot: ## Label            Usage          Type ST Offset   Length[0m
[0;32mI (69) boot:  0 nvs              WiFi data        01 02 00009000 00004000[0m
[0;32mI (76) boot:  1 otadata          OTA data         01 00 0000d000 00002000[0m
[0;32mI (84) boot:  2 phy_init         RF data          01 01 0000f000 00001000[0m
[0;32mI (91) boot:  3 factory          OTA app          00 10 00010000 00100000[0m
[0;32mI (99) boot:  4 ota_1            OTA app          00 11 00110000 00100000[0m
[0;32mI (106) boot:  5 storage          Unknown data     01 82 00210000 000f0000[0m
[0;32mI (114) boot: End of partition table[0m
[0;32mI (118) esp_image: segment 0: paddr=00010020 vaddr=3f400020 size=2dfe0h (188384) map[0m
[0;32mI (195) esp_image: segment 1: paddr=0003e008 vaddr=3ffb0000 size=02010h (  8208) load[0m
[0;32mI (198) esp_image: segment 2: paddr=00040020 vaddr=400d0020 size=af8ach (719020) map[0m
[0;32mI (460) esp_image: segment 3: paddr=000ef8d4 vaddr=3ffb2010 size=01938h (  6456) load[0m
[0;32mI (463) esp_image: segment 4: paddr=000f1214 vaddr=40080000 size=16c9ch ( 93340) load[0m
[0;32mI (516) boot: Loaded app from partition at offset 0x10000[0m
[0;32mI (516) boot: Disabling RNG early entropy source...[0m
[0;32mI (528) cpu_start: Multicore app[0m
[0;32mI (528) cpu_start: Pro cpu up.[0m
[0;32mI (528) cpu_start: Starting app cpu, entry point is 0x4008228c[0m
[0;32mI (515) cpu_start: App cpu up.[0m
[0;32mI (546) cpu_start: Pro cpu start user code[0m
[0;32mI (546) cpu_start: cpu freq: 160000000 Hz[0m
[0;32mI (546) cpu_start: Application information:[0m
[0;32mI (551) cpu_start: Project name:     esp_startup[0m
[0;32mI (556) cpu_start: App version:      0.0.0.1[0m
[0;32mI (561) cpu_start: Compile time:     Jan 22 2024 22:59:01[0m
[0;32mI (567) cpu_start: ELF file SHA256:  69d294c447f6cd02...[0m
[0;32mI (573) cpu_start: ESP-IDF:          5.1.1[0m
[0;32mI (578) cpu_start: Min chip rev:     v0.0[0m
[0;32mI (583) cpu_start: Max chip rev:     v3.99 [0m
[0;32mI (588) cpu_start: Chip rev:         v3.0[0m
[0;32mI (592) heap_init: Initializing. RAM available for dynamic allocation:[0m
[0;32mI (600) heap_init: At 3FFAE6E0 len 00001920 (6 KiB): DRAM[0m
[0;32mI (606) heap_init: At 3FFB86E8 len 00027918 (158 KiB): DRAM[0m
[0;32mI (612) heap_init: At 3FFE0440 len 00003AE0 (14 KiB): D/IRAM[0m
[0;32mI (618) heap_init: At 3FFE4350 len 0001BCB0 (111 KiB): D/IRAM[0m
[0;32mI (625) heap_init: At 40096C9C len 00009364 (36 KiB): IRAM[0m
[0;32mI (632) spi_flash: detected chip: generic[0m
[0;32mI (635) spi_flash: flash io: dio[0m
[0;32mI (640) app_start: Starting scheduler on CPU0[0m
[0;32mI (644) app_start: Starting scheduler on CPU1[0m
[0;32mI (644) main_task: Started on CPU0[0m
[0;32mI (654) main_task: Calling app_main()[0m
[0;32mI (754) gpio: GPIO[32]| InputEn: 0| OutputEn: 1| OpenDrain: 0| Pullup: 1| Pulldown: 0| Intr:0 [0m
[0;32mI (754) gpio: GPIO[33]| InputEn: 0| OutputEn: 1| OpenDrain: 0| Pullup: 1| Pulldown: 0| Intr:0 [0m
Guru Meditation Error: Core  0 panic'ed (LoadProhibited). Exception was unhandled.

Core  0 register dump:
PC      : 0x400014fd  PS      : 0x00060930  A0      : 0x8016091a  A1      : 0x3ffba590  
A2      : 0x00000000  A3      : 0xfffffffc  A4      : 0x000000ff  A5      : 0x0000ff00  
A6      : 0x00ff0000  A7      : 0xff000000  A8      : 0x00000000  A9      : 0x00000000  
A10     : 0x00000000  A11     : 0x00000001  A12     : 0x3ffba7d4  A13     : 0x00000000  
A14     : 0x3ffba7a4  A15     : 0x00000001  SAR     : 0x00000000  EXCCAUSE: 0x0000001c  
EXCVADDR: 0x00000000  LBEG    : 0x400014fd  LEND    : 0x4000150d  LCOUNT  : 0xffffffff  


Backtrace: 0x400014fa:0x3ffba590 0x40160917:0x3ffba5a0 0x40161ef2:0x3ffba8c0 0x400d384f:0x3ffba8f0 0x400d3667:0x3ffba940 0x400d368b:0x3ffba990 0x4008cfc0:0x3ffba9e0 0x4008cbbd:0x3ffbaa10

  #0  0x400014fa:0x3ffba590 in ?? ??:0
  #1  0x40160917:0x3ffba5a0 in _vfprintf_r at /builds/idf/crosstool-NG/.build/xtensa-esp32-elf/src/newlib/newlib/libc/stdio/vfprintf.c:1524
  #2  0x40161ef2:0x3ffba8c0 in vfprintf at /builds/idf/crosstool-NG/.build/xtensa-esp32-elf/src/newlib/newlib/libc/stdio/vfprintf.c:647
  #3  0x400d384f:0x3ffba8f0 in logger_write at lib/logger/src/logger.c:75
  #4  0x400d3667:0x3ffba940 in set_csb_and_sdo_to_high at src/main.c:132
  #5  0x400d368b:0x3ffba990 in app_main at src/main.c:143
  #6  0x4008cfc0:0x3ffba9e0 in main_task at /home/wmytych/.platformio/packages/framework-espidf/components/freertos/app_startup.c:208 (discriminator 13)
  #7  0x4008cbbd:0x3ffbaa10 in vPortTaskWrapper at /home/wmytych/.platformio/packages/framework-espidf/components/freertos/FreeRTOS-Kernel/portable/xtensa/port.c:162




ELF file SHA256: 69d294c447f6cd02

Rebooting...
ets Jul 29 2019 12:21:46

rst:0xc (SW_CPU_RESET),boot:0x13 (SPI_FAST_FLASH_BOOT)
configsip: 0, SPIWP:0xee
clk_drv:0x00,q_drv:0x00,d_drv:0x00,cs0_drv:0x00,hd_drv:0x00,wp_drv:0x00
mode:DIO, clock div:2
load:0x3fff0030,len:7076
load:0x40078000,len:15584
ho 0 tail 12 room 4
load:0x40080400,len:4
load:0x40080404,len:3876
entry 0x4008064c
[0;32mI (31) boot: ESP-IDF 5.1.1 2nd stage bootloader[0m
[0;32mI (31) boot: compile time Jan 22 2024 23:03:42[0m
[0;32mI (31) boot: Multicore bootloader[0m
[0;32mI (35) boot: chip revision: v3.0[0m
[0;32mI (39) boot.esp32: SPI Speed      : 40MHz[0m
[0;32mI (44) boot.esp32: SPI Mode       : DIO[0m
[0;32mI (48) boot.esp32: SPI Flash Size : 4MB[0m
[0;32mI (53) boot: Enabling RNG early entropy source...[0m
[0;32mI (58) boot: Partition Table:[0m
[0;32mI (62) boot: ## Label            Usage          Type ST Offset   Length[0m
[0;32mI (69) boot:  0 nvs              WiFi data        01 02 00009000 00004000[0m
[0;32mI (76) boot:  1 otadata          OTA data         01 00 0000d000 00002000[0m
[0;32mI (84) boot:  2 phy_init         RF data          01 01 0000f000 00001000[0m
[0;32mI (91) boot:  3 factory          OTA app          00 10 00010000 00100000[0m
[0;32mI (99) boot:  4 ota_1            OTA app          00 11 00110000 00100000[0m
[0;32mI (106) boot:  5 storage          Unknown data     01 82 00210000 000f0000[0m
[0;32mI (114) boot: End of partition table[0m
[0;32mI (118) esp_image: segment 0: paddr=00010020 vaddr=3f400020 size=2dfe0h (188384) map[0m
[0;32mI (195) esp_image: segment 1: paddr=0003e008 vaddr=3ffb0000 size=02010h (  8208) load[0m
[0;32mI (198) esp_image: segment 2: paddr=00040020 vaddr=400d0020 size=af8ach (719020) map[0m
[0;32mI (460) esp_image: segment 3: paddr=000ef8d4 vaddr=3ffb2010 size=01938h (  6456) load[0m
[0;32mI (463) esp_image: segment 4: paddr=000f1214 vaddr=40080000 size=16c9ch ( 93340) load[0m
[0;32mI (516) boot: Loaded app from partition at offset 0x10000[0m
[0;32mI (516) boot: Disabling RNG early entropy source...[0m
[0;32mI (528) cpu_start: Multicore app[0m
[0;32mI (528) cpu_start: Pro cpu up.[0m
[0;32mI (528) cpu_start: Starting app cpu, entry point is 0x4008228c[0m
[0;32mI (515) cpu_start: App cpu up.[0m
[0;32mI (546) cpu_start: Pro cpu start user code[0m
[0;32mI (546) cpu_start: cpu freq: 160000000 Hz[0m
[0;32mI (546) cpu_start: Application information:[0m
[0;32mI (551) cpu_start: Project name:     esp_startup[0m
[0;32mI (556) cpu_start: App version:      0.0.0.1[0m
[0;32mI (561) cpu_start: Compile time:     Jan 22 2024 22:59:01[0m
[0;32mI (567) cpu_start: ELF file SHA256:  69d294c447f6cd02...[0m
[0;32mI (573) cpu_start: ESP-IDF:          5.1.1[0m
[0;32mI (578) cpu_start: Min chip rev:     v0.0[0m
[0;32mI (583) cpu_start: Max chip rev:     v3.99 [0m
[0;32mI (588) cpu_start: Chip rev:         v3.0[0m
[0;32mI (592) heap_init: Initializing. RAM available for dynamic allocation:[0m
[0;32mI (600) heap_init: At 3FFAE6E0 len 00001920 (6 KiB): DRAM[0m
[0;32mI (606) heap_init: At 3FFB86E8 len 00027918 (158 KiB): DRAM[0m
[0;32mI (612) heap_init: At 3FFE0440 len 00003AE0 (14 KiB): D/IRAM[0m
[0;32mI (618) heap_init: At 3FFE4350 len 0001BCB0 (111 KiB): D/IRAM[0m
[0;32mI (625) heap_init: At 40096C9C len 00009364 (36 KiB): IRAM[0m
[0;32mI (632) spi_flash: detected chip: generic[0m
[0;32mI (635) spi_flash: flash io: dio[0m
[0;32mI (640) app_start: Starting scheduler on CPU0[0m
[0;32mI (644) app_start: Starting scheduler on CPU1[0m
[0;32mI (644) main_task: Started on CPU0[0m
[0;32mI (654) main_task: Calling app_main()[0m
[0;32mI (754) gpio: GPIO[32]| InputEn: 0| OutputEn: 1| OpenDrain: 0| Pullup: 1| Pulldown: 0| Intr:0 [0m
[0;32mI (754) gpio: GPIO[33]| InputEn: 0| OutputEn: 1| OpenDrain: 0| Pullup: 1| Pulldown: 0| Intr:0 [0m
Guru Meditation Error: Core  0 panic'ed (LoadProhibited). Exception was unhandled.

Core  0 register dump:
PC      : 0x400014fd  PS      : 0x00060930  A0      : 0x8016091a  A1      : 0x3ffba590  
A2      : 0x00000000  A3      : 0xfffffffc  A4      : 0x000000ff  A5      : 0x0000ff00  
A6      : 0x00ff0000  A7      : 0xff000000  A8      : 0x00000000  A9      : 0x00000000  
A10     : 0x00000000  A11     : 0x00000001  A12     : 0x3ffba7d4  A13     : 0x00000000  
A14     : 0x3ffba7a4  A15     : 0x00000001  SAR     : 0x00000000  EXCCAUSE: 0x0000001c  
EXCVADDR: 0x00000000  LBEG    : 0x400014fd  LEND    : 0x4000150d  LCOUNT  : 0xffffffff  


Backtrace: 0x400014fa:0x3ffba590 0x40160917:0x3ffba5a0 0x40161ef2:0x3ffba8c0 0x400d384f:0x3ffba8f0 0x400d3667:0x3ffba940 0x400d368b:0x3ffba990 0x4008cfc0:0x3ffba9e0 0x4008cbbd:0x3ffbaa10

  #0  0x400014fa:0x3ffba590 in ?? ??:0
  #1  0x40160917:0x3ffba5a0 in _vfprintf_r at /builds/idf/crosstool-NG/.build/xtensa-esp32-elf/src/newlib/newlib/libc/stdio/vfprintf.c:1524
  #2  0x40161ef2:0x3ffba8c0 in vfprintf at /builds/idf/crosstool-NG/.build/xtensa-esp32-elf/src/newlib/newlib/libc/stdio/vfprintf.c:647
  #3  0x400d384f:0x3ffba8f0 in logger_write at lib/logger/src/logger.c:75
  #4  0x400d3667:0x3ffba940 in set_csb_and_sdo_to_high at src/main.c:132
  #5  0x400d368b:0x3ffba990 in app_main at src/main.c:143
  #6  0x4008cfc0:0x3ffba9e0 in main_task at /home/wmytych/.platformio/packages/framework-espidf/components/freertos/app_startup.c:208 (discriminator 13)
  #7  0x4008cbbd:0x3ffbaa10 in vPortTaskWrapper at /home/wmytych/.platformio/packages/framework-espidf/components/freertos/FreeRTOS-Kernel/portable/xtensa/port.c:162




ELF file SHA256: 69d294c447f6cd02

Rebooting...
ets Jul 29 2019 12:21:46

rst:0xc (SW_CPU_RESET),boot:0x13 (SPI_FAST_FLASH_BOOT)
configsip: 0, SPIWP:0xee
clk_drv:0x00,q_drv:0x00,d_drv:0x00,cs0_drv:0x00,hd_drv:0x00,wp_drv:0x00
mode:DIO, clock div:2
load:0x3fff0030,len:7076
load:0x40078000,len:15584
ho 0 tail 12 room 4
load:0x40080400,len:4
load:0x40080404,len:3876
entry 0x4008064c
[0;32mI (31) boot: ESP-IDF 5.1.1 2nd stage bootloader[0m
[0;32mI (31) boot: compile time Jan 22 2024 23:03:42[0m
[0;32mI (31) boot: Multicore bootloader[0m
[0;32mI (35) boot: chip revision: v3.0[0m
[0;32mI (39) boot.esp32: SPI Speed      : 40MHz[0m
[0;32mI (44) boot.esp32: SPI Mode       : DIO[0m
[0;32mI (48) boot.esp32: SPI Flash Size : 4MB[0m
[0;32mI (53) boot: Enabling RNG early entropy source...[0m
[0;32mI (58) boot: Partition Table:[0m
[0;32mI (62) boot: ## Label            Usage          Type ST Offset   Length[0m
[0;32mI (69) boot:  0 nvs              WiFi data        01 02 00009000 00004000[0m
[0;32mI (76) boot:  1 otadata          OTA data         01 00 0000d000 00002000[0m
[0;32mI (84) boot:  2 phy_init         RF data          01 01 0000f000 00001000[0m
[0;32mI (91) boot:  3 factory          OTA app          00 10 00010000 00100000[0m
[0;32mI (99) boot:  4 ota_1            OTA app          00 11 00110000 00100000[0m
[0;32mI (106) boot:  5 storage          Unknown data     01 82 00210000 000f0000[0m
[0;32mI (114) boot: End of partition table[0m
[0;32mI (118) esp_image: segment 0: paddr=00010020 vaddr=3f400020 size=2dfe0h (188384) map[0m
[0;32mI (195) esp_image: segment 1: paddr=0003e008 vaddr=3ffb0000 size=02010h (  8208) load[0m
[0;32mI (198) esp_image: segment 2: paddr=00040020 vaddr=400d0020 size=af8ach (719020) map[0m
[0;32mI (460) esp_image: segment 3: paddr=000ef8d4 vaddr=3ffb2010 size=01938h (  6456) load[0m
[0;32mI (463) esp_image: segment 4: paddr=000f1214 vaddr=40080000 size=16c9ch ( 93340) load[0m
[0;32mI (516) boot: Loaded app from partition at offset 0x10000[0m
[0;32mI (516) boot: Disabling RNG early entropy source...[0m
[0;32mI (528) cpu_start: Multicore app[0m
[0;32mI (528) cpu_start: Pro cpu up.[0m
[0;32mI (528) cpu_start: Starting app cpu, entry point is 0x4008228c[0m
[0;32mI (515) cpu_start: App cpu up.[0m
[0;32mI (546) cpu_start: Pro cpu start user code[0m
[0;32mI (546) cpu_start: cpu freq: 160000000 Hz[0m
[0;32mI (546) cpu_start: Application information:[0m
[0;32mI (551) cpu_start: Project name:     esp_startup[0m
[0;32mI (556) cpu_start: App version:      0.0.0.1[0m
[0;32mI (561) cpu_start: Compile time:     Jan 22 2024 22:59:01[0m
[0;32mI (567) cpu_start: ELF file SHA256:  69d294c447f6cd02...[0m
[0;32mI (573) cpu_start: ESP-IDF:          5.1.1[0m
[0;32mI (578) cpu_start: Min chip rev:     v0.0[0m
[0;32mI (583) cpu_start: Max chip rev:     v3.99 [0m
[0;32mI (588) cpu_start: Chip rev:         v3.0[0m
[0;32mI (592) heap_init: Initializing. RAM available for dynamic allocation:[0m
[0;32mI (600) heap_init: At 3FFAE6E0 len 00001920 (6 KiB): DRAM[0m
[0;32mI (606) heap_init: At 3FFB86E8 len 00027918 (158 KiB): DRAM[0m
[0;32mI (612) heap_init: At 3FFE0440 len 00003AE0 (14 KiB): D/IRAM[0m
[0;32mI (618) heap_init: At 3FFE4350 len 0001BCB0 (111 KiB): D/IRAM[0m
[0;32mI (625) heap_init: At 40096C9C len 00009364 (36 KiB): IRAM[0m
[0;32mI (632) spi_flash: detected chip: generic[0m
[0;32mI (635) spi_flash: flash io: dio[0m
[0;32mI (640) app_start: Starting scheduler on CPU0[0m
[0;32mI (644) app_start: Starting scheduler on CPU1[0m
[0;32mI (644) main_task: Started on CPU0[0m
[0;32mI (654) main_task: Calling app_main()[0m
[0;32mI (754) gpio: GPIO[32]| InputEn: 0| OutputEn: 1| OpenDrain: 0| Pullup: 1| Pulldown: 0| Intr:0 [0m
[0;32mI (754) gpio: GPIO[33]| InputEn: 0| OutputEn: 1| OpenDrain: 0| Pullup: 1| Pulldown: 0| Intr:0 [0m
Guru Meditation Error: Core  0 panic'ed (LoadProhibited). Exception was unhandled.

Core  0 register dump:
PC      : 0x400014fd  PS      : 0x00060930  A0      : 0x8016091a  A1      : 0x3ffba590  
A2      : 0x00000000  A3      : 0xfffffffc  A4      : 0x000000ff  A5      : 0x0000ff00  
A6      : 0x00ff0000  A7      : 0xff000000  A8      : 0x00000000  A9      : 0x00000000  
A10     : 0x00000000  A11     : 0x00000001  A12     : 0x3ffba7d4  A13     : 0x00000000  
A14     : 0x3ffba7a4  A15     : 0x00000001  SAR     : 0x00000000  EXCCAUSE: 0x0000001c  
EXCVADDR: 0x00000000  LBEG    : 0x400014fd  LEND    : 0x4000150d  LCOUNT  : 0xffffffff  


Backtrace: 0x400014fa:0x3ffba590 0x40160917:0x3ffba5a0 0x40161ef2:0x3ffba8c0 0x400d384f:0x3ffba8f0 0x400d3667:0x3ffba940 0x400d368b:0x3ffba990 0x4008cfc0:0x3ffba9e0 0x4008cbbd:0x3ffbaa10

  #0  0x400014fa:0x3ffba590 in ?? ??:0
  #1  0x40160917:0x3ffba5a0 in _vfprintf_r at /builds/idf/crosstool-NG/.build/xtensa-esp32-elf/src/newlib/newlib/libc/stdio/vfprintf.c:1524
  #2  0x40161ef2:0x3ffba8c0 in vfprintf at /builds/idf/crosstool-NG/.build/xtensa-esp32-elf/src/newlib/newlib/libc/stdio/vfprintf.c:647
  #3  0x400d384f:0x3ffba8f0 in logger_write at lib/logger/src/logger.c:75
  #4  0x400d3667:0x3ffba940 in set_csb_and_sdo_to_high at src/main.c:132
  #5  0x400d368b:0x3ffba990 in app_main at src/main.c:143
  #6  0x4008cfc0:0x3ffba9e0 in main_task at /home/wmytych/.platformio/packages/framework-espidf/components/freertos/app_startup.c:208 (discriminator 13)
  #7  0x4008cbbd:0x3ffbaa10 in vPortTaskWrapper at /home/wmytych/.platformio/packages/framework-espidf/components/freertos/FreeRTOS-Kernel/portable/xtensa/port.c:162


